+-------------------------------------------------------------------------------------------------------------------------------------------------------------------------------+
|                    Port                    |    Constraint    |    Budget    | Edge |               Clock               |    Slack    | Avail. Time |        Exception        |
|--------------------------------------------+------------------+--------------+------+-----------------------------------+-------------+-------------+-------------------------|
| input[79]                                  | set_input_delay  |        0.891 | rise | _INN_superClk_v0_setuphold        |       0.115 |      -0.899 |                         |
| input[79]                                  | set_input_delay  |        0.901 | fall | _INN_superClk_v0_setuphold        |       0.207 |      -0.929 |                         |
| input[79]                                  | set_input_delay  |        0.963 | rise | clk_v0_setuphold                  |       0.438 |      -0.899 |                         |
| input[79]                                  | set_input_delay  |        0.955 | fall | clk_v0_setuphold                  |       0.502 |      -0.929 |                         |
| input[78]                                  | set_input_delay  |        0.893 | rise | _INN_superClk_v0_setuphold        |       0.137 |      -0.899 |                         |
| input[78]                                  | set_input_delay  |        0.903 | fall | _INN_superClk_v0_setuphold        |       0.235 |      -0.932 |                         |
| input[78]                                  | set_input_delay  |        0.961 | rise | clk_v0_setuphold                  |       0.447 |      -0.899 |                         |
| input[78]                                  | set_input_delay  |        0.953 | fall | clk_v0_setuphold                  |       0.527 |      -0.932 |                         |
| input[77]                                  | set_input_delay  |        0.892 | rise | _INN_superClk_v0_setuphold        |       0.129 |      -0.899 |                         |
| input[77]                                  | set_input_delay  |        0.901 | fall | _INN_superClk_v0_setuphold        |       0.218 |      -0.932 |                         |
| input[77]                                  | set_input_delay  |        0.951 | rise | clk_v0_setuphold                  |       0.395 |      -0.899 |                         |
| input[77]                                  | set_input_delay  |        0.954 | fall | clk_v0_setuphold                  |       0.538 |      -0.932 |                         |
| input[76]                                  | set_input_delay  |        0.891 | rise | _INN_superClk_v0_setuphold        |       0.137 |      -0.896 |                         |
| input[76]                                  | set_input_delay  |        0.901 | fall | _INN_superClk_v0_setuphold        |       0.235 |      -0.937 |                         |
| input[76]                                  | set_input_delay  |        0.944 | rise | clk_v0_setuphold                  |       0.376 |      -0.896 |                         |
| input[76]                                  | set_input_delay  |        0.948 | fall | clk_v0_setuphold                  |       0.459 |      -0.937 |                         |
| input[75]                                  | set_input_delay  |        0.892 | rise | _INN_superClk_v0_setuphold        |       0.131 |      -0.899 |                         |
| input[75]                                  | set_input_delay  |        0.901 | fall | _INN_superClk_v0_setuphold        |       0.221 |      -0.932 |                         |
| input[75]                                  | set_input_delay  |        0.923 | rise | clk_v0_setuphold                  |       0.271 |      -0.899 |                         |
| input[75]                                  | set_input_delay  |        0.929 | fall | clk_v0_setuphold                  |       0.348 |      -0.932 |                         |
| input[74]                                  | set_input_delay  |        0.892 | rise | _INN_superClk_v0_setuphold        |       0.120 |      -0.899 |                         |
| input[74]                                  | set_input_delay  |        0.902 | fall | _INN_superClk_v0_setuphold        |       0.215 |      -0.930 |                         |
| input[74]                                  | set_input_delay  |        0.925 | rise | clk_v0_setuphold                  |       0.266 |      -0.899 |                         |
| input[74]                                  | set_input_delay  |        0.931 | fall | clk_v0_setuphold                  |       0.346 |      -0.930 |                         |
| input[73]                                  | set_input_delay  |        0.891 | rise | _INN_superClk_v0_setuphold        |       0.116 |      -0.899 |                         |
| input[73]                                  | set_input_delay  |        0.901 | fall | _INN_superClk_v0_setuphold        |       0.209 |      -0.929 |                         |
| input[73]                                  | set_input_delay  |        0.922 | rise | clk_v0_setuphold                  |       0.254 |      -0.899 |                         |
| input[73]                                  | set_input_delay  |        0.929 | fall | clk_v0_setuphold                  |       0.334 |      -0.929 |                         |
| input[72]                                  | set_input_delay  |        0.892 | rise | _INN_superClk_v0_setuphold        |       0.115 |      -0.899 |                         |
| input[72]                                  | set_input_delay  |        0.901 | fall | _INN_superClk_v0_setuphold        |       0.207 |      -0.929 |                         |
| input[72]                                  | set_input_delay  |        0.922 | rise | clk_v0_setuphold                  |       0.249 |      -0.899 |                         |
| input[72]                                  | set_input_delay  |        0.929 | fall | clk_v0_setuphold                  |       0.330 |      -0.929 |                         |
| input[71]                                  | set_input_delay  |        0.892 | rise | _INN_superClk_v0_setuphold        |       0.130 |      -0.899 |                         |
| input[71]                                  | set_input_delay  |        0.901 | fall | _INN_superClk_v0_setuphold        |       0.220 |      -0.931 |                         |
| input[71]                                  | set_input_delay  |        0.922 | rise | clk_v0_setuphold                  |       0.265 |      -0.899 |                         |
| input[71]                                  | set_input_delay  |        0.929 | fall | clk_v0_setuphold                  |       0.343 |      -0.931 |                         |
| input[70]                                  | set_input_delay  |        0.892 | rise | _INN_superClk_v0_setuphold        |       0.123 |      -0.899 |                         |
| input[70]                                  | set_input_delay  |        0.901 | fall | _INN_superClk_v0_setuphold        |       0.215 |      -0.933 |                         |
| input[70]                                  | set_input_delay  |        0.924 | rise | clk_v0_setuphold                  |       0.267 |      -0.899 |                         |
| input[70]                                  | set_input_delay  |        0.930 | fall | clk_v0_setuphold                  |       0.344 |      -0.933 |                         |
| input[69]                                  | set_input_delay  |        0.891 | rise | _INN_superClk_v0_setuphold        |       0.116 |      -0.899 |                         |
| input[69]                                  | set_input_delay  |        0.901 | fall | _INN_superClk_v0_setuphold        |       0.208 |      -0.930 |                         |
| input[69]                                  | set_input_delay  |        0.925 | rise | clk_v0_setuphold                  |       0.269 |      -0.899 |                         |
| input[69]                                  | set_input_delay  |        0.931 | fall | clk_v0_setuphold                  |       0.343 |      -0.930 |                         |
| input[68]                                  | set_input_delay  |        0.892 | rise | _INN_superClk_v0_setuphold        |       0.122 |      -0.899 |                         |
| input[68]                                  | set_input_delay  |        0.902 | fall | _INN_superClk_v0_setuphold        |       0.216 |      -0.928 |                         |
| input[68]                                  | set_input_delay  |        0.923 | rise | clk_v0_setuphold                  |       0.262 |      -0.899 |                         |
| input[68]                                  | set_input_delay  |        0.930 | fall | clk_v0_setuphold                  |       0.342 |      -0.928 |                         |
| input[67]                                  | set_input_delay  |        0.892 | rise | _INN_superClk_v0_setuphold        |       0.118 |      -0.899 |                         |
| input[67]                                  | set_input_delay  |        0.902 | fall | _INN_superClk_v0_setuphold        |       0.211 |      -0.930 |                         |
| input[67]                                  | set_input_delay  |        0.925 | rise | clk_v0_setuphold                  |       0.267 |      -0.899 |                         |
| input[67]                                  | set_input_delay  |        0.931 | fall | clk_v0_setuphold                  |       0.343 |      -0.930 |                         |
| input[66]                                  | set_input_delay  |        0.891 | rise | _INN_superClk_v0_setuphold        |       0.115 |      -0.899 |                         |
| input[66]                                  | set_input_delay  |        0.900 | fall | _INN_superClk_v0_setuphold        |       0.204 |      -0.929 |                         |
| input[66]                                  | set_input_delay  |        0.921 | rise | clk_v0_setuphold                  |       0.252 |      -0.899 |                         |
| input[66]                                  | set_input_delay  |        0.928 | fall | clk_v0_setuphold                  |       0.329 |      -0.929 |                         |
| input[65]                                  | set_input_delay  |        0.892 | rise | _INN_superClk_v0_setuphold        |       0.135 |      -0.899 |                         |
| input[65]                                  | set_input_delay  |        0.902 | fall | _INN_superClk_v0_setuphold        |       0.225 |      -0.934 |                         |
| input[65]                                  | set_input_delay  |        0.923 | rise | clk_v0_setuphold                  |       0.271 |      -0.899 |                         |
| input[65]                                  | set_input_delay  |        0.929 | fall | clk_v0_setuphold                  |       0.349 |      -0.934 |                         |
| input[64]                                  | set_input_delay  |        0.891 | rise | _INN_superClk_v0_setuphold        |       0.128 |      -0.899 |                         |
| input[64]                                  | set_input_delay  |        0.900 | fall | _INN_superClk_v0_setuphold        |       0.221 |      -0.934 |                         |
| input[64]                                  | set_input_delay  |        0.925 | rise | clk_v0_setuphold                  |       0.281 |      -0.899 |                         |
| input[64]                                  | set_input_delay  |        0.930 | fall | clk_v0_setuphold                  |       0.355 |      -0.934 |                         |
| input[63]                                  | set_input_delay  |        0.893 | rise | _INN_superClk_v0_setuphold        |       0.140 |      -0.896 |                         |
| input[63]                                  | set_input_delay  |        0.902 | fall | _INN_superClk_v0_setuphold        |       0.234 |      -0.937 |                         |
| input[63]                                  | set_input_delay  |        0.924 | rise | clk_v0_setuphold                  |       0.283 |      -0.896 |                         |
| input[63]                                  | set_input_delay  |        0.931 | fall | clk_v0_setuphold                  |       0.363 |      -0.937 |                         |
| input[62]                                  | set_input_delay  |        0.892 | rise | _INN_superClk_v0_setuphold        |       0.125 |      -0.899 |                         |
| input[62]                                  | set_input_delay  |        0.901 | fall | _INN_superClk_v0_setuphold        |       0.214 |      -0.931 |                         |
| input[62]                                  | set_input_delay  |        0.925 | rise | clk_v0_setuphold                  |       0.274 |      -0.899 |                         |
| input[62]                                  | set_input_delay  |        0.930 | fall | clk_v0_setuphold                  |       0.346 |      -0.931 |                         |
| input[61]                                  | set_input_delay  |        0.895 | rise | _INN_superClk_v0_setuphold        |       0.149 |      -0.899 |                         |
| input[61]                                  | set_input_delay  |        0.904 | fall | _INN_superClk_v0_setuphold        |       0.237 |      -0.932 |                         |
| input[61]                                  | set_input_delay  |        0.940 | rise | clk_v0_setuphold                  |       0.350 |      -0.899 |                         |
| input[61]                                  | set_input_delay  |        0.938 | fall | clk_v0_setuphold                  |       0.390 |      -0.932 |                         |
| input[60]                                  | set_input_delay  |        0.892 | rise | _INN_superClk_v0_setuphold        |       0.128 |      -0.899 |                         |
| input[60]                                  | set_input_delay  |        0.901 | fall | _INN_superClk_v0_setuphold        |       0.220 |      -0.931 |                         |
| input[60]                                  | set_input_delay  |        0.928 | rise | clk_v0_setuphold                  |       0.289 |      -0.899 |                         |
| input[60]                                  | set_input_delay  |        0.932 | fall | clk_v0_setuphold                  |       0.360 |      -0.931 |                         |
| input[59]                                  | set_input_delay  |        0.892 | rise | _INN_superClk_v0_setuphold        |       0.123 |      -0.899 |                         |
| input[59]                                  | set_input_delay  |        0.902 | fall | _INN_superClk_v0_setuphold        |       0.216 |      -0.929 |                         |
| input[59]                                  | set_input_delay  |        0.929 | rise | clk_v0_setuphold                  |       0.287 |      -0.899 |                         |
| input[59]                                  | set_input_delay  |        0.933 | fall | clk_v0_setuphold                  |       0.356 |      -0.929 |                         |
| input[58]                                  | set_input_delay  |        0.893 | rise | _INN_superClk_v0_setuphold        |       0.125 |      -0.899 |                         |
| input[58]                                  | set_input_delay  |        0.901 | fall | _INN_superClk_v0_setuphold        |       0.214 |      -0.928 |                         |
| input[58]                                  | set_input_delay  |        0.933 | rise | clk_v0_setuphold                  |       0.306 |      -0.899 |                         |
| input[58]                                  | set_input_delay  |        0.935 | fall | clk_v0_setuphold                  |       0.365 |      -0.928 |                         |
| input[57]                                  | set_input_delay  |        0.895 | rise | _INN_superClk_v0_setuphold        |       0.142 |      -0.899 |                         |
| input[57]                                  | set_input_delay  |        0.908 | fall | _INN_superClk_v0_setuphold        |       0.247 |      -0.931 |                         |
| input[57]                                  | set_input_delay  |        0.944 | rise | clk_v0_setuphold                  |       0.361 |      -0.899 |                         |
| input[57]                                  | set_input_delay  |        0.943 | fall | clk_v0_setuphold                  |       0.404 |      -0.931 |                         |
| input[56]                                  | set_input_delay  |        0.891 | rise | _INN_superClk_v0_setuphold        |       0.134 |      -0.896 |                         |
| input[56]                                  | set_input_delay  |        0.901 | fall | _INN_superClk_v0_setuphold        |       0.233 |      -0.937 |                         |
| input[56]                                  | set_input_delay  |        0.927 | rise | clk_v0_setuphold                  |       0.295 |      -0.896 |                         |
| input[56]                                  | set_input_delay  |        0.932 | fall | clk_v0_setuphold                  |       0.372 |      -0.937 |                         |
| input[55]                                  | set_input_delay  |        0.892 | rise | _INN_superClk_v0_setuphold        |       0.127 |      -0.899 |                         |
| input[55]                                  | set_input_delay  |        0.901 | fall | _INN_superClk_v0_setuphold        |       0.215 |      -0.930 |                         |
| input[55]                                  | set_input_delay  |        0.933 | rise | clk_v0_setuphold                  |       0.309 |      -0.899 |                         |
| input[55]                                  | set_input_delay  |        0.935 | fall | clk_v0_setuphold                  |       0.366 |      -0.930 |                         |
| input[54]                                  | set_input_delay  |        0.891 | rise | _INN_superClk_v0_setuphold        |       0.119 |      -0.899 |                         |
| input[54]                                  | set_input_delay  |        0.900 | fall | _INN_superClk_v0_setuphold        |       0.208 |      -0.930 |                         |
| input[54]                                  | set_input_delay  |        0.930 | rise | clk_v0_setuphold                  |       0.296 |      -0.899 |                         |
| input[54]                                  | set_input_delay  |        0.933 | fall | clk_v0_setuphold                  |       0.357 |      -0.930 |                         |
| input[53]                                  | set_input_delay  |        0.895 | rise | _INN_superClk_v0_setuphold        |       0.135 |      -0.899 |                         |
| input[53]                                  | set_input_delay  |        0.904 | fall | _INN_superClk_v0_setuphold        |       0.222 |      -0.928 |                         |
| input[53]                                  | set_input_delay  |        0.934 | rise | clk_v0_setuphold                  |       0.311 |      -0.899 |                         |
| input[53]                                  | set_input_delay  |        0.936 | fall | clk_v0_setuphold                  |       0.369 |      -0.928 |                         |
| input[52]                                  | set_input_delay  |        0.892 | rise | _INN_superClk_v0_setuphold        |       0.127 |      -0.899 |                         |
| input[52]                                  | set_input_delay  |        0.902 | fall | _INN_superClk_v0_setuphold        |       0.217 |      -0.930 |                         |
| input[52]                                  | set_input_delay  |        0.965 | rise | clk_v0_setuphold                  |       0.549 |      -0.899 |                         |
| input[52]                                  | set_input_delay  |        0.937 | fall | clk_v0_setuphold                  |       0.377 |      -0.930 |                         |
| input[51]                                  | set_input_delay  |        0.891 | rise | _INN_superClk_v0_setuphold        |       0.123 |      -0.899 |                         |
| input[51]                                  | set_input_delay  |        0.901 | fall | _INN_superClk_v0_setuphold        |       0.219 |      -0.929 |                         |
| input[51]                                  | set_input_delay  |        0.966 | rise | clk_v0_setuphold                  |       0.617 |      -0.899 |                         |
| input[51]                                  | set_input_delay  |        0.934 | fall | clk_v0_setuphold                  |       0.368 |      -0.929 |                         |
| input[50]                                  | set_input_delay  |        0.893 | rise | _INN_superClk_v0_setuphold        |       0.132 |      -0.899 |                         |
| input[50]                                  | set_input_delay  |        0.905 | fall | _INN_superClk_v0_setuphold        |       0.233 |      -0.930 |                         |
| input[50]                                  | set_input_delay  |        0.966 | rise | clk_v0_setuphold                  |       0.626 |      -0.899 |                         |
| input[50]                                  | set_input_delay  |        0.940 | fall | clk_v0_setuphold                  |       0.393 |      -0.930 |                         |
| input[49]                                  | set_input_delay  |        0.892 | rise | _INN_superClk_v0_setuphold        |       0.127 |      -0.899 |                         |
| input[49]                                  | set_input_delay  |        0.901 | fall | _INN_superClk_v0_setuphold        |       0.217 |      -0.929 |                         |
| input[49]                                  | set_input_delay  |        0.931 | rise | clk_v0_setuphold                  |       0.302 |      -0.899 |                         |
| input[49]                                  | set_input_delay  |        0.937 | fall | clk_v0_setuphold                  |       0.378 |      -0.929 |                         |
| input[48]                                  | set_input_delay  |        0.892 | rise | _INN_superClk_v0_setuphold        |       0.124 |      -0.899 |                         |
| input[48]                                  | set_input_delay  |        0.903 | fall | _INN_superClk_v0_setuphold        |       0.220 |      -0.929 |                         |
| input[48]                                  | set_input_delay  |        0.933 | rise | clk_v0_setuphold                  |       0.306 |      -0.899 |                         |
| input[48]                                  | set_input_delay  |        0.937 | fall | clk_v0_setuphold                  |       0.372 |      -0.929 |                         |
| input[47]                                  | set_input_delay  |        0.893 | rise | _INN_superClk_v0_setuphold        |       0.127 |      -0.899 |                         |
| input[47]                                  | set_input_delay  |        0.902 | fall | _INN_superClk_v0_setuphold        |       0.215 |      -0.930 |                         |
| input[47]                                  | set_input_delay  |        0.931 | rise | clk_v0_setuphold                  |       0.302 |      -0.899 |                         |
| input[47]                                  | set_input_delay  |        0.934 | fall | clk_v0_setuphold                  |       0.362 |      -0.930 |                         |
| input[46]                                  | set_input_delay  |        0.891 | rise | _INN_superClk_v0_setuphold        |       0.126 |      -0.899 |                         |
| input[46]                                  | set_input_delay  |        0.901 | fall | _INN_superClk_v0_setuphold        |       0.224 |      -0.930 |                         |
| input[46]                                  | set_input_delay  |        0.930 | rise | clk_v0_setuphold                  |       0.300 |      -0.899 |                         |
| input[46]                                  | set_input_delay  |        0.934 | fall | clk_v0_setuphold                  |       0.370 |      -0.930 |                         |
| input[45]                                  | set_input_delay  |        0.892 | rise | _INN_superClk_v0_setuphold        |       0.130 |      -0.899 |                         |
| input[45]                                  | set_input_delay  |        0.903 | fall | _INN_superClk_v0_setuphold        |       0.229 |      -0.932 |                         |
| input[45]                                  | set_input_delay  |        0.931 | rise | clk_v0_setuphold                  |       0.306 |      -0.899 |                         |
| input[45]                                  | set_input_delay  |        0.936 | fall | clk_v0_setuphold                  |       0.377 |      -0.932 |                         |
| input[44]                                  | set_input_delay  |        0.895 | rise | _INN_superClk_v0_setuphold        |       0.141 |      -0.899 |                         |
| input[44]                                  | set_input_delay  |        0.906 | fall | _INN_superClk_v0_setuphold        |       0.240 |      -0.932 |                         |
| input[44]                                  | set_input_delay  |        0.935 | rise | clk_v0_setuphold                  |       0.323 |      -0.899 |                         |
| input[44]                                  | set_input_delay  |        0.940 | fall | clk_v0_setuphold                  |       0.391 |      -0.932 |                         |
| input[43]                                  | set_input_delay  |        0.893 | rise | _INN_superClk_v0_setuphold        |       0.133 |      -0.899 |                         |
| input[43]                                  | set_input_delay  |        0.902 | fall | _INN_superClk_v0_setuphold        |       0.221 |      -0.932 |                         |
| input[43]                                  | set_input_delay  |        0.929 | rise | clk_v0_setuphold                  |       0.296 |      -0.899 |                         |
| input[43]                                  | set_input_delay  |        0.933 | fall | clk_v0_setuphold                  |       0.361 |      -0.932 |                         |
| input[42]                                  | set_input_delay  |        0.892 | rise | _INN_superClk_v0_setuphold        |       0.137 |      -0.899 |                         |
| input[42]                                  | set_input_delay  |        0.903 | fall | _INN_superClk_v0_setuphold        |       0.233 |      -0.935 |                         |
| input[42]                                  | set_input_delay  |        0.931 | rise | clk_v0_setuphold                  |       0.311 |      -0.899 |                         |
| input[42]                                  | set_input_delay  |        0.935 | fall | clk_v0_setuphold                  |       0.379 |      -0.935 |                         |
| input[41]                                  | set_input_delay  |        0.894 | rise | _INN_superClk_v0_setuphold        |       0.136 |      -0.899 |                         |
| input[41]                                  | set_input_delay  |        0.903 | fall | _INN_superClk_v0_setuphold        |       0.230 |      -0.930 |                         |
| input[41]                                  | set_input_delay  |        0.932 | rise | clk_v0_setuphold                  |       0.307 |      -0.899 |                         |
| input[41]                                  | set_input_delay  |        0.935 | fall | clk_v0_setuphold                  |       0.374 |      -0.930 |                         |
| input[40]                                  | set_input_delay  |        0.891 | rise | _INN_superClk_v0_setuphold        |       0.114 |      -0.899 |                         |
| input[40]                                  | set_input_delay  |        0.901 | fall | _INN_superClk_v0_setuphold        |       0.204 |      -0.929 |                         |
| input[40]                                  | set_input_delay  |        0.928 | rise | clk_v0_setuphold                  |       0.279 |      -0.899 |                         |
| input[40]                                  | set_input_delay  |        0.932 | fall | clk_v0_setuphold                  |       0.346 |      -0.929 |                         |
| input[39]                                  | set_input_delay  |        0.893 | rise | _INN_superClk_v0_setuphold        |       0.135 |      -0.899 |                         |
| input[39]                                  | set_input_delay  |        0.904 | fall | _INN_superClk_v0_setuphold        |       0.231 |      -0.930 |                         |
| input[39]                                  | set_input_delay  |        0.931 | rise | clk_v0_setuphold                  |       0.304 |      -0.899 |                         |
| input[39]                                  | set_input_delay  |        0.935 | fall | clk_v0_setuphold                  |       0.375 |      -0.930 |                         |
| input[38]                                  | set_input_delay  |        0.892 | rise | _INN_superClk_v0_setuphold        |       0.121 |      -0.899 |                         |
| input[38]                                  | set_input_delay  |        0.902 | fall | _INN_superClk_v0_setuphold        |       0.217 |      -0.928 |                         |
| input[38]                                  | set_input_delay  |        0.931 | rise | clk_v0_setuphold                  |       0.299 |      -0.899 |                         |
| input[38]                                  | set_input_delay  |        0.934 | fall | clk_v0_setuphold                  |       0.366 |      -0.928 |                         |
| input[37]                                  | set_input_delay  |        0.892 | rise | _INN_superClk_v0_setuphold        |       0.125 |      -0.899 |                         |
| input[37]                                  | set_input_delay  |        0.902 | fall | _INN_superClk_v0_setuphold        |       0.215 |      -0.929 |                         |
| input[37]                                  | set_input_delay  |        0.936 | rise | clk_v0_setuphold                  |       0.323 |      -0.899 |                         |
| input[37]                                  | set_input_delay  |        0.937 | fall | clk_v0_setuphold                  |       0.377 |      -0.929 |                         |
| input[36]                                  | set_input_delay  |        0.894 | rise | _INN_superClk_v0_setuphold        |       0.140 |      -0.899 |                         |
| input[36]                                  | set_input_delay  |        0.903 | fall | _INN_superClk_v0_setuphold        |       0.232 |      -0.932 |                         |
| input[36]                                  | set_input_delay  |        0.932 | rise | clk_v0_setuphold                  |       0.310 |      -0.899 |                         |
| input[36]                                  | set_input_delay  |        0.936 | fall | clk_v0_setuphold                  |       0.377 |      -0.932 |                         |
| input[35]                                  | set_input_delay  |        0.891 | rise | _INN_superClk_v0_setuphold        |       0.126 |      -0.899 |                         |
| input[35]                                  | set_input_delay  |        0.901 | fall | _INN_superClk_v0_setuphold        |       0.218 |      -0.931 |                         |
| input[35]                                  | set_input_delay  |        0.937 | rise | clk_v0_setuphold                  |       0.333 |      -0.899 |                         |
| input[35]                                  | set_input_delay  |        0.935 | fall | clk_v0_setuphold                  |       0.374 |      -0.931 |                         |
| input[34]                                  | set_input_delay  |        0.892 | rise | _INN_superClk_v0_setuphold        |       0.130 |      -0.899 |                         |
| input[34]                                  | set_input_delay  |        0.902 | fall | _INN_superClk_v0_setuphold        |       0.225 |      -0.934 |                         |
| input[34]                                  | set_input_delay  |        0.929 | rise | clk_v0_setuphold                  |       0.297 |      -0.899 |                         |
| input[34]                                  | set_input_delay  |        0.933 | fall | clk_v0_setuphold                  |       0.368 |      -0.934 |                         |
| input[33]                                  | set_input_delay  |        0.892 | rise | _INN_superClk_v0_setuphold        |       0.135 |      -0.898 |                         |
| input[33]                                  | set_input_delay  |        0.901 | fall | _INN_superClk_v0_setuphold        |       0.227 |      -0.935 |                         |
| input[33]                                  | set_input_delay  |        0.929 | rise | clk_v0_setuphold                  |       0.300 |      -0.898 |                         |
| input[33]                                  | set_input_delay  |        0.933 | fall | clk_v0_setuphold                  |       0.369 |      -0.935 |                         |
| input[32]                                  | set_input_delay  |        0.893 | rise | _INN_superClk_v0_setuphold        |       0.128 |      -0.899 |                         |
| input[32]                                  | set_input_delay  |        0.903 | fall | _INN_superClk_v0_setuphold        |       0.218 |      -0.929 |                         |
| input[32]                                  | set_input_delay  |        0.932 | rise | clk_v0_setuphold                  |       0.303 |      -0.899 |                         |
| input[32]                                  | set_input_delay  |        0.935 | fall | clk_v0_setuphold                  |       0.366 |      -0.929 |                         |
| input[31]                                  | set_input_delay  |        0.894 | rise | _INN_superClk_v0_setuphold        |       0.129 |      -0.899 |                         |
| input[31]                                  | set_input_delay  |        0.903 | fall | _INN_superClk_v0_setuphold        |       0.216 |      -0.928 |                         |
| input[31]                                  | set_input_delay  |        0.931 | rise | clk_v0_setuphold                  |       0.294 |      -0.899 |                         |
| input[31]                                  | set_input_delay  |        0.934 | fall | clk_v0_setuphold                  |       0.357 |      -0.928 |                         |
| input[30]                                  | set_input_delay  |        0.891 | rise | _INN_superClk_v0_setuphold        |       0.121 |      -0.899 |                         |
| input[30]                                  | set_input_delay  |        0.901 | fall | _INN_superClk_v0_setuphold        |       0.211 |      -0.929 |                         |
| input[30]                                  | set_input_delay  |        0.946 | rise | clk_v0_setuphold                  |       0.367 |      -0.899 |                         |
| input[30]                                  | set_input_delay  |        0.935 | fall | clk_v0_setuphold                  |       0.367 |      -0.929 |                         |
| input[29]                                  | set_input_delay  |        0.893 | rise | _INN_superClk_v0_setuphold        |       0.134 |      -0.899 |                         |
| input[29]                                  | set_input_delay  |        0.902 | fall | _INN_superClk_v0_setuphold        |       0.226 |      -0.930 |                         |
| input[29]                                  | set_input_delay  |        0.934 | rise | clk_v0_setuphold                  |       0.317 |      -0.899 |                         |
| input[29]                                  | set_input_delay  |        0.936 | fall | clk_v0_setuphold                  |       0.378 |      -0.930 |                         |
| input[28]                                  | set_input_delay  |        0.892 | rise | _INN_superClk_v0_setuphold        |       0.117 |      -0.899 |                         |
| input[28]                                  | set_input_delay  |        0.902 | fall | _INN_superClk_v0_setuphold        |       0.211 |      -0.930 |                         |
| input[28]                                  | set_input_delay  |        0.931 | rise | clk_v0_setuphold                  |       0.295 |      -0.899 |                         |
| input[28]                                  | set_input_delay  |        0.935 | fall | clk_v0_setuphold                  |       0.360 |      -0.930 |                         |
| input[27]                                  | set_input_delay  |        0.891 | rise | _INN_superClk_v0_setuphold        |       0.114 |      -0.899 |                         |
| input[27]                                  | set_input_delay  |        0.901 | fall | _INN_superClk_v0_setuphold        |       0.205 |      -0.928 |                         |
| input[27]                                  | set_input_delay  |        0.930 | rise | clk_v0_setuphold                  |       0.288 |      -0.899 |                         |
| input[27]                                  | set_input_delay  |        0.934 | fall | clk_v0_setuphold                  |       0.352 |      -0.928 |                         |
| input[26]                                  | set_input_delay  |        0.891 | rise | _INN_superClk_v0_setuphold        |       0.135 |      -0.898 |                         |
| input[26]                                  | set_input_delay  |        0.901 | fall | _INN_superClk_v0_setuphold        |       0.231 |      -0.936 |                         |
| input[26]                                  | set_input_delay  |        0.929 | rise | clk_v0_setuphold                  |       0.305 |      -0.898 |                         |
| input[26]                                  | set_input_delay  |        0.933 | fall | clk_v0_setuphold                  |       0.375 |      -0.936 |                         |
| input[25]                                  | set_input_delay  |        0.893 | rise | _INN_superClk_v0_setuphold        |       0.125 |      -0.899 |                         |
| input[25]                                  | set_input_delay  |        0.902 | fall | _INN_superClk_v0_setuphold        |       0.215 |      -0.930 |                         |
| input[25]                                  | set_input_delay  |        0.941 | rise | clk_v0_setuphold                  |       0.345 |      -0.899 |                         |
| input[25]                                  | set_input_delay  |        0.936 | fall | clk_v0_setuphold                  |       0.370 |      -0.930 |                         |
| input[24]                                  | set_input_delay  |        0.893 | rise | _INN_superClk_v0_setuphold        |       0.128 |      -0.899 |                         |
| input[24]                                  | set_input_delay  |        0.905 | fall | _INN_superClk_v0_setuphold        |       0.229 |      -0.930 |                         |
| input[24]                                  | set_input_delay  |        0.939 | rise | clk_v0_setuphold                  |       0.333 |      -0.899 |                         |
| input[24]                                  | set_input_delay  |        0.939 | fall | clk_v0_setuphold                  |       0.381 |      -0.930 |                         |
| input[23]                                  | set_input_delay  |        0.895 | rise | _INN_superClk_v0_setuphold        |       0.127 |      -0.899 |                         |
| input[23]                                  | set_input_delay  |        0.907 | fall | _INN_superClk_v0_setuphold        |       0.233 |      -0.929 |                         |
| input[23]                                  | set_input_delay  |        0.934 | rise | clk_v0_setuphold                  |       0.305 |      -0.899 |                         |
| input[23]                                  | set_input_delay  |        0.941 | fall | clk_v0_setuphold                  |       0.383 |      -0.929 |                         |
| input[22]                                  | set_input_delay  |        0.891 | rise | _INN_superClk_v0_setuphold        |       0.132 |      -0.899 |                         |
| input[22]                                  | set_input_delay  |        0.901 | fall | _INN_superClk_v0_setuphold        |       0.227 |      -0.933 |                         |
| input[22]                                  | set_input_delay  |        0.933 | rise | clk_v0_setuphold                  |       0.320 |      -0.899 |                         |
| input[22]                                  | set_input_delay  |        0.936 | fall | clk_v0_setuphold                  |       0.382 |      -0.933 |                         |
| input[21]                                  | set_input_delay  |        0.894 | rise | _INN_superClk_v0_setuphold        |       0.145 |      -0.899 |                         |
| input[21]                                  | set_input_delay  |        0.904 | fall | _INN_superClk_v0_setuphold        |       0.239 |      -0.933 |                         |
| input[21]                                  | set_input_delay  |        0.930 | rise | clk_v0_setuphold                  |       0.306 |      -0.899 |                         |
| input[21]                                  | set_input_delay  |        0.935 | fall | clk_v0_setuphold                  |       0.379 |      -0.933 |                         |
| input[20]                                  | set_input_delay  |        0.892 | rise | _INN_superClk_v0_setuphold        |       0.141 |      -0.898 |                         |
| input[20]                                  | set_input_delay  |        0.902 | fall | _INN_superClk_v0_setuphold        |       0.239 |      -0.935 |                         |
| input[20]                                  | set_input_delay  |        0.932 | rise | clk_v0_setuphold                  |       0.318 |      -0.898 |                         |
| input[20]                                  | set_input_delay  |        0.935 | fall | clk_v0_setuphold                  |       0.388 |      -0.935 |                         |
| input[19]                                  | set_input_delay  |        0.892 | rise | _INN_superClk_v0_setuphold        |       0.135 |      -0.899 |                         |
| input[19]                                  | set_input_delay  |        0.902 | fall | _INN_superClk_v0_setuphold        |       0.231 |      -0.933 |                         |
| input[19]                                  | set_input_delay  |        0.937 | rise | clk_v0_setuphold                  |       0.335 |      -0.899 |                         |
| input[19]                                  | set_input_delay  |        0.944 | fall | clk_v0_setuphold                  |       0.418 |      -0.933 |                         |
| input[18]                                  | set_input_delay  |        0.891 | rise | _INN_superClk_v0_setuphold        |       0.135 |      -0.898 |                         |
| input[18]                                  | set_input_delay  |        0.900 | fall | _INN_superClk_v0_setuphold        |       0.231 |      -0.935 |                         |
| input[18]                                  | set_input_delay  |        0.939 | rise | clk_v0_setuphold                  |       0.350 |      -0.898 |                         |
| input[18]                                  | set_input_delay  |        0.944 | fall | clk_v0_setuphold                  |       0.429 |      -0.935 |                         |
| input[17]                                  | set_input_delay  |        0.893 | rise | _INN_superClk_v0_setuphold        |       0.135 |      -0.899 |                         |
| input[17]                                  | set_input_delay  |        0.902 | fall | _INN_superClk_v0_setuphold        |       0.228 |      -0.933 |                         |
| input[17]                                  | set_input_delay  |        0.936 | rise | clk_v0_setuphold                  |       0.330 |      -0.899 |                         |
| input[17]                                  | set_input_delay  |        0.940 | fall | clk_v0_setuphold                  |       0.398 |      -0.933 |                         |
| input[16]                                  | set_input_delay  |        0.892 | rise | _INN_superClk_v0_setuphold        |       0.121 |      -0.899 |                         |
| input[16]                                  | set_input_delay  |        0.901 | fall | _INN_superClk_v0_setuphold        |       0.213 |      -0.932 |                         |
| input[16]                                  | set_input_delay  |        0.941 | rise | clk_v0_setuphold                  |       0.344 |      -0.899 |                         |
| input[16]                                  | set_input_delay  |        0.946 | fall | clk_v0_setuphold                  |       0.415 |      -0.932 |                         |
| input[15]                                  | set_input_delay  |        0.892 | rise | _INN_superClk_v0_setuphold        |       0.115 |      -0.899 |                         |
| input[15]                                  | set_input_delay  |        0.902 | fall | _INN_superClk_v0_setuphold        |       0.209 |      -0.928 |                         |
| input[15]                                  | set_input_delay  |        0.939 | rise | clk_v0_setuphold                  |       0.327 |      -0.899 |                         |
| input[15]                                  | set_input_delay  |        0.946 | fall | clk_v0_setuphold                  |       0.409 |      -0.928 |                         |
| input[14]                                  | set_input_delay  |        0.892 | rise | _INN_superClk_v0_setuphold        |       0.125 |      -0.899 |                         |
| input[14]                                  | set_input_delay  |        0.902 | fall | _INN_superClk_v0_setuphold        |       0.216 |      -0.931 |                         |
| input[14]                                  | set_input_delay  |        0.930 | rise | clk_v0_setuphold                  |       0.297 |      -0.899 |                         |
| input[14]                                  | set_input_delay  |        0.934 | fall | clk_v0_setuphold                  |       0.362 |      -0.931 |                         |
| input[13]                                  | set_input_delay  |        0.893 | rise | _INN_superClk_v0_setuphold        |       0.127 |      -0.899 |                         |
| input[13]                                  | set_input_delay  |        0.902 | fall | _INN_superClk_v0_setuphold        |       0.215 |      -0.930 |                         |
| input[13]                                  | set_input_delay  |        0.932 | rise | clk_v0_setuphold                  |       0.303 |      -0.899 |                         |
| input[13]                                  | set_input_delay  |        0.935 | fall | clk_v0_setuphold                  |       0.362 |      -0.930 |                         |
| input[12]                                  | set_input_delay  |        0.892 | rise | _INN_superClk_v0_setuphold        |       0.120 |      -0.899 |                         |
| input[12]                                  | set_input_delay  |        0.901 | fall | _INN_superClk_v0_setuphold        |       0.212 |      -0.928 |                         |
| input[12]                                  | set_input_delay  |        0.930 | rise | clk_v0_setuphold                  |       0.294 |      -0.899 |                         |
| input[12]                                  | set_input_delay  |        0.934 | fall | clk_v0_setuphold                  |       0.358 |      -0.928 |                         |
| input[11]                                  | set_input_delay  |        0.892 | rise | _INN_superClk_v0_setuphold        |       0.115 |      -0.899 |                         |
| input[11]                                  | set_input_delay  |        0.902 | fall | _INN_superClk_v0_setuphold        |       0.207 |      -0.929 |                         |
| input[11]                                  | set_input_delay  |        0.933 | rise | clk_v0_setuphold                  |       0.298 |      -0.899 |                         |
| input[11]                                  | set_input_delay  |        0.935 | fall | clk_v0_setuphold                  |       0.359 |      -0.929 |                         |
| input[10]                                  | set_input_delay  |        0.894 | rise | _INN_superClk_v0_setuphold        |       0.131 |      -0.899 |                         |
| input[10]                                  | set_input_delay  |        0.903 | fall | _INN_superClk_v0_setuphold        |       0.219 |      -0.929 |                         |
| input[10]                                  | set_input_delay  |        0.932 | rise | clk_v0_setuphold                  |       0.305 |      -0.899 |                         |
| input[10]                                  | set_input_delay  |        0.935 | fall | clk_v0_setuphold                  |       0.365 |      -0.929 |                         |
| input[9]                                   | set_input_delay  |        0.893 | rise | _INN_superClk_v0_setuphold        |       0.138 |      -0.899 |                         |
| input[9]                                   | set_input_delay  |        0.904 | fall | _INN_superClk_v0_setuphold        |       0.236 |      -0.933 |                         |
| input[9]                                   | set_input_delay  |        0.937 | rise | clk_v0_setuphold                  |       0.335 |      -0.899 |                         |
| input[9]                                   | set_input_delay  |        0.938 | fall | clk_v0_setuphold                  |       0.386 |      -0.933 |                         |
| input[8]                                   | set_input_delay  |        0.891 | rise | _INN_superClk_v0_setuphold        |       0.132 |      -0.898 |                         |
| input[8]                                   | set_input_delay  |        0.901 | fall | _INN_superClk_v0_setuphold        |       0.228 |      -0.936 |                         |
| input[8]                                   | set_input_delay  |        0.929 | rise | clk_v0_setuphold                  |       0.302 |      -0.898 |                         |
| input[8]                                   | set_input_delay  |        0.933 | fall | clk_v0_setuphold                  |       0.372 |      -0.936 |                         |
| input[7]                                   | set_input_delay  |        0.892 | rise | _INN_superClk_v0_setuphold        |       0.118 |      -0.899 |                         |
| input[7]                                   | set_input_delay  |        0.902 | fall | _INN_superClk_v0_setuphold        |       0.215 |      -0.928 |                         |
| input[7]                                   | set_input_delay  |        0.930 | rise | clk_v0_setuphold                  |       0.289 |      -0.899 |                         |
| input[7]                                   | set_input_delay  |        0.935 | fall | clk_v0_setuphold                  |       0.361 |      -0.928 |                         |
| input[6]                                   | set_input_delay  |        0.892 | rise | _INN_superClk_v0_setuphold        |       0.127 |      -0.899 |                         |
| input[6]                                   | set_input_delay  |        0.902 | fall | _INN_superClk_v0_setuphold        |       0.220 |      -0.929 |                         |
| input[6]                                   | set_input_delay  |        0.930 | rise | clk_v0_setuphold                  |       0.298 |      -0.899 |                         |
| input[6]                                   | set_input_delay  |        0.934 | fall | clk_v0_setuphold                  |       0.364 |      -0.929 |                         |
| input[5]                                   | set_input_delay  |        0.892 | rise | _INN_superClk_v0_setuphold        |       0.119 |      -0.899 |                         |
| input[5]                                   | set_input_delay  |        0.902 | fall | _INN_superClk_v0_setuphold        |       0.211 |      -0.929 |                         |
| input[5]                                   | set_input_delay  |        0.928 | rise | clk_v0_setuphold                  |       0.283 |      -0.899 |                         |
| input[5]                                   | set_input_delay  |        0.933 | fall | clk_v0_setuphold                  |       0.352 |      -0.929 |                         |
| input[4]                                   | set_input_delay  |        0.892 | rise | _INN_superClk_v0_setuphold        |       0.123 |      -0.899 |                         |
| input[4]                                   | set_input_delay  |        0.901 | fall | _INN_superClk_v0_setuphold        |       0.212 |      -0.929 |                         |
| input[4]                                   | set_input_delay  |        0.928 | rise | clk_v0_setuphold                  |       0.285 |      -0.899 |                         |
| input[4]                                   | set_input_delay  |        0.932 | fall | clk_v0_setuphold                  |       0.352 |      -0.929 |                         |
| input[3]                                   | set_input_delay  |        0.892 | rise | _INN_superClk_v0_setuphold        |       0.128 |      -0.899 |                         |
| input[3]                                   | set_input_delay  |        0.902 | fall | _INN_superClk_v0_setuphold        |       0.221 |      -0.932 |                         |
| input[3]                                   | set_input_delay  |        0.936 | rise | clk_v0_setuphold                  |       0.326 |      -0.899 |                         |
| input[3]                                   | set_input_delay  |        0.938 | fall | clk_v0_setuphold                  |       0.383 |      -0.932 |                         |
| input[2]                                   | set_input_delay  |        0.892 | rise | _INN_superClk_v0_setuphold        |       0.118 |      -0.899 |                         |
| input[2]                                   | set_input_delay  |        0.902 | fall | _INN_superClk_v0_setuphold        |       0.213 |      -0.929 |                         |
| input[2]                                   | set_input_delay  |        0.933 | rise | clk_v0_setuphold                  |       0.305 |      -0.899 |                         |
| input[2]                                   | set_input_delay  |        0.936 | fall | clk_v0_setuphold                  |       0.368 |      -0.929 |                         |
| input[1]                                   | set_input_delay  |        0.892 | rise | _INN_superClk_v0_setuphold        |       0.137 |      -0.899 |                         |
| input[1]                                   | set_input_delay  |        0.903 | fall | _INN_superClk_v0_setuphold        |       0.233 |      -0.934 |                         |
| input[1]                                   | set_input_delay  |        0.933 | rise | clk_v0_setuphold                  |       0.321 |      -0.899 |                         |
| input[1]                                   | set_input_delay  |        0.936 | fall | clk_v0_setuphold                  |       0.386 |      -0.934 |                         |
| input[0]                                   | set_input_delay  |        0.891 | rise | _INN_superClk_v0_setuphold        |       0.136 |      -0.895 |                         |
| input[0]                                   | set_input_delay  |        0.901 | fall | _INN_superClk_v0_setuphold        |       0.233 |      -0.938 |                         |
| input[0]                                   | set_input_delay  |        0.929 | rise | clk_v0_setuphold                  |       0.304 |      -0.895 |                         |
| input[0]                                   | set_input_delay  |        0.932 | fall | clk_v0_setuphold                  |       0.376 |      -0.938 |                         |
| enable                                     | set_input_delay  |        0.032 | rise | clk_v0_setuphold                  |       0.551 |      -0.014 |                         |
| enable                                     | set_input_delay  |        0.025 | fall | clk_v0_setuphold                  |       0.538 |      -0.014 |                         |
| reset                                      | set_input_delay  |        0.000 | fall | _INN_superClk_v0_setuphold        |      -0.214 |       0.282 |                         |
| output[79]                                 | set_output_delay |        1.016 | rise | clk_v0_setuphold                  |       0.289 |      -0.899 |                         |
| output[79]                                 | set_output_delay |        1.099 | fall | clk_v0_setuphold                  |       0.360 |      -0.931 |                         |
| output[78]                                 | set_output_delay |        1.012 | rise | clk_v0_setuphold                  |       0.287 |      -0.899 |                         |
| output[78]                                 | set_output_delay |        1.094 | fall | clk_v0_setuphold                  |       0.356 |      -0.929 |                         |
| output[77]                                 | set_output_delay |        1.017 | rise | clk_v0_setuphold                  |       0.306 |      -0.899 |                         |
| output[77]                                 | set_output_delay |        1.093 | fall | clk_v0_setuphold                  |       0.365 |      -0.928 |                         |
| output[76]                                 | set_output_delay |        1.036 | rise | clk_v0_setuphold                  |       0.361 |      -0.899 |                         |
| output[76]                                 | set_output_delay |        1.125 | fall | clk_v0_setuphold                  |       0.404 |      -0.931 |                         |
| output[75]                                 | set_output_delay |        1.022 | rise | clk_v0_setuphold                  |       0.295 |      -0.896 |                         |
| output[75]                                 | set_output_delay |        1.111 | fall | clk_v0_setuphold                  |       0.372 |      -0.937 |                         |
| output[74]                                 | set_output_delay |        1.020 | rise | clk_v0_setuphold                  |       0.309 |      -0.899 |                         |
| output[74]                                 | set_output_delay |        1.094 | fall | clk_v0_setuphold                  |       0.366 |      -0.930 |                         |
| output[73]                                 | set_output_delay |        1.010 | rise | clk_v0_setuphold                  |       0.296 |      -0.899 |                         |
| output[73]                                 | set_output_delay |        1.087 | fall | clk_v0_setuphold                  |       0.357 |      -0.930 |                         |
| output[72]                                 | set_output_delay |        1.027 | rise | clk_v0_setuphold                  |       0.311 |      -0.899 |                         |
| output[72]                                 | set_output_delay |        1.101 | fall | clk_v0_setuphold                  |       0.369 |      -0.928 |                         |
| output[71]                                 | set_output_delay |        1.111 | rise | clk_v0_setuphold                  |       0.650 |      -0.899 |                         |
| output[71]                                 | set_output_delay |        1.094 | fall | clk_v0_setuphold                  |       0.377 |      -0.930 |                         |
| output[70]                                 | set_output_delay |        1.108 | rise | clk_v0_setuphold                  |       0.647 |      -0.899 |                         |
| output[70]                                 | set_output_delay |        1.097 | fall | clk_v0_setuphold                  |       0.368 |      -0.929 |                         |
| output[69]                                 | set_output_delay |        1.116 | rise | clk_v0_setuphold                  |       0.657 |      -0.899 |                         |
| output[69]                                 | set_output_delay |        1.111 | fall | clk_v0_setuphold                  |       0.393 |      -0.930 |                         |
| output[68]                                 | set_output_delay |        1.013 | rise | clk_v0_setuphold                  |       0.302 |      -0.899 |                         |
| output[68]                                 | set_output_delay |        1.095 | fall | clk_v0_setuphold                  |       0.378 |      -0.929 |                         |
| output[67]                                 | set_output_delay |        1.017 | rise | clk_v0_setuphold                  |       0.306 |      -0.899 |                         |
| output[67]                                 | set_output_delay |        1.100 | fall | clk_v0_setuphold                  |       0.372 |      -0.929 |                         |
| output[66]                                 | set_output_delay |        1.018 | rise | clk_v0_setuphold                  |       0.302 |      -0.899 |                         |
| output[66]                                 | set_output_delay |        1.094 | fall | clk_v0_setuphold                  |       0.362 |      -0.930 |                         |
| output[65]                                 | set_output_delay |        1.017 | rise | clk_v0_setuphold                  |       0.300 |      -0.899 |                         |
| output[65]                                 | set_output_delay |        1.103 | fall | clk_v0_setuphold                  |       0.370 |      -0.930 |                         |
| output[64]                                 | set_output_delay |        1.022 | rise | clk_v0_setuphold                  |       0.306 |      -0.899 |                         |
| output[64]                                 | set_output_delay |        1.108 | fall | clk_v0_setuphold                  |       0.377 |      -0.932 |                         |
| output[63]                                 | set_output_delay |        1.034 | rise | clk_v0_setuphold                  |       0.323 |      -0.899 |                         |
| output[63]                                 | set_output_delay |        1.120 | fall | clk_v0_setuphold                  |       0.391 |      -0.932 |                         |
| output[62]                                 | set_output_delay |        1.021 | rise | clk_v0_setuphold                  |       0.296 |      -0.899 |                         |
| output[62]                                 | set_output_delay |        1.099 | fall | clk_v0_setuphold                  |       0.361 |      -0.932 |                         |
| output[61]                                 | set_output_delay |        1.028 | rise | clk_v0_setuphold                  |       0.311 |      -0.899 |                         |
| output[61]                                 | set_output_delay |        1.112 | fall | clk_v0_setuphold                  |       0.379 |      -0.935 |                         |
| output[60]                                 | set_output_delay |        1.026 | rise | clk_v0_setuphold                  |       0.307 |      -0.899 |                         |
| output[60]                                 | set_output_delay |        1.108 | fall | clk_v0_setuphold                  |       0.374 |      -0.930 |                         |
| output[59]                                 | set_output_delay |        1.003 | rise | clk_v0_setuphold                  |       0.279 |      -0.899 |                         |
| output[59]                                 | set_output_delay |        1.083 | fall | clk_v0_setuphold                  |       0.346 |      -0.929 |                         |
| output[58]                                 | set_output_delay |        1.025 | rise | clk_v0_setuphold                  |       0.304 |      -0.899 |                         |
| output[58]                                 | set_output_delay |        1.110 | fall | clk_v0_setuphold                  |       0.375 |      -0.930 |                         |
| output[57]                                 | set_output_delay |        1.013 | rise | clk_v0_setuphold                  |       0.299 |      -0.899 |                         |
| output[57]                                 | set_output_delay |        1.096 | fall | clk_v0_setuphold                  |       0.366 |      -0.928 |                         |
| output[56]                                 | set_output_delay |        1.021 | rise | clk_v0_setuphold                  |       0.323 |      -0.899 |                         |
| output[56]                                 | set_output_delay |        1.097 | fall | clk_v0_setuphold                  |       0.377 |      -0.929 |                         |
| output[55]                                 | set_output_delay |        1.030 | rise | clk_v0_setuphold                  |       0.310 |      -0.899 |                         |
| output[55]                                 | set_output_delay |        1.110 | fall | clk_v0_setuphold                  |       0.377 |      -0.932 |                         |
| output[54]                                 | set_output_delay |        1.017 | rise | clk_v0_setuphold                  |       0.333 |      -0.899 |                         |
| output[54]                                 | set_output_delay |        1.096 | fall | clk_v0_setuphold                  |       0.374 |      -0.931 |                         |
| output[53]                                 | set_output_delay |        1.020 | rise | clk_v0_setuphold                  |       0.297 |      -0.899 |                         |
| output[53]                                 | set_output_delay |        1.104 | fall | clk_v0_setuphold                  |       0.368 |      -0.934 |                         |
| output[52]                                 | set_output_delay |        1.024 | rise | clk_v0_setuphold                  |       0.300 |      -0.898 |                         |
| output[52]                                 | set_output_delay |        1.106 | fall | clk_v0_setuphold                  |       0.369 |      -0.935 |                         |
| output[51]                                 | set_output_delay |        1.019 | rise | clk_v0_setuphold                  |       0.303 |      -0.899 |                         |
| output[51]                                 | set_output_delay |        1.097 | fall | clk_v0_setuphold                  |       0.366 |      -0.929 |                         |
| output[50]                                 | set_output_delay |        1.018 | rise | clk_v0_setuphold                  |       0.294 |      -0.899 |                         |
| output[50]                                 | set_output_delay |        1.095 | fall | clk_v0_setuphold                  |       0.357 |      -0.928 |                         |
| output[49]                                 | set_output_delay |        1.019 | rise | clk_v0_setuphold                  |       0.367 |      -0.899 |                         |
| output[49]                                 | set_output_delay |        1.088 | fall | clk_v0_setuphold                  |       0.367 |      -0.929 |                         |
| output[48]                                 | set_output_delay |        1.027 | rise | clk_v0_setuphold                  |       0.317 |      -0.899 |                         |
| output[48]                                 | set_output_delay |        1.106 | fall | clk_v0_setuphold                  |       0.378 |      -0.930 |                         |
| output[47]                                 | set_output_delay |        1.009 | rise | clk_v0_setuphold                  |       0.295 |      -0.899 |                         |
| output[47]                                 | set_output_delay |        1.090 | fall | clk_v0_setuphold                  |       0.360 |      -0.930 |                         |
| output[46]                                 | set_output_delay |        1.005 | rise | clk_v0_setuphold                  |       0.288 |      -0.899 |                         |
| output[46]                                 | set_output_delay |        1.084 | fall | clk_v0_setuphold                  |       0.352 |      -0.928 |                         |
| output[45]                                 | set_output_delay |        1.025 | rise | clk_v0_setuphold                  |       0.305 |      -0.898 |                         |
| output[45]                                 | set_output_delay |        1.109 | fall | clk_v0_setuphold                  |       0.375 |      -0.936 |                         |
| output[44]                                 | set_output_delay |        1.017 | rise | clk_v0_setuphold                  |       0.345 |      -0.899 |                         |
| output[44]                                 | set_output_delay |        1.092 | fall | clk_v0_setuphold                  |       0.370 |      -0.930 |                         |
| output[43]                                 | set_output_delay |        1.020 | rise | clk_v0_setuphold                  |       0.333 |      -0.899 |                         |
| output[43]                                 | set_output_delay |        1.106 | fall | clk_v0_setuphold                  |       0.381 |      -0.930 |                         |
| output[42]                                 | set_output_delay |        1.018 | rise | clk_v0_setuphold                  |       0.305 |      -0.899 |                         |
| output[42]                                 | set_output_delay |        1.113 | fall | clk_v0_setuphold                  |       0.383 |      -0.929 |                         |
| output[41]                                 | set_output_delay |        1.026 | rise | clk_v0_setuphold                  |       0.320 |      -0.899 |                         |
| output[41]                                 | set_output_delay |        1.107 | fall | clk_v0_setuphold                  |       0.382 |      -0.933 |                         |
| output[40]                                 | set_output_delay |        1.033 | rise | clk_v0_setuphold                  |       0.306 |      -0.899 |                         |
| output[40]                                 | set_output_delay |        1.117 | fall | clk_v0_setuphold                  |       0.379 |      -0.933 |                         |
| output[39]                                 | set_output_delay |        1.032 | rise | clk_v0_setuphold                  |       0.318 |      -0.898 |                         |
| output[39]                                 | set_output_delay |        1.118 | fall | clk_v0_setuphold                  |       0.388 |      -0.935 |                         |
| output[38]                                 | set_output_delay |        1.097 | rise | clk_v0_setuphold                  |       0.637 |      -0.899 |                         |
| output[38]                                 | set_output_delay |        1.079 | fall | clk_v0_setuphold                  |       0.365 |      -0.899 |                         |
| output[37]                                 | set_output_delay |        1.087 | rise | clk_v0_setuphold                  |       0.386 |      -0.898 |                         |
| output[37]                                 | set_output_delay |        1.081 | fall | clk_v0_setuphold                  |       0.360 |      -0.898 |                         |
| output[36]                                 | set_output_delay |        1.077 | rise | clk_v0_setuphold                  |       0.330 |      -0.899 |                         |
| output[36]                                 | set_output_delay |        1.077 | fall | clk_v0_setuphold                  |       0.353 |      -0.899 |                         |
| output[35]                                 | set_output_delay |        1.075 | rise | clk_v0_setuphold                  |       0.378 |      -0.899 |                         |
| output[35]                                 | set_output_delay |        1.070 | fall | clk_v0_setuphold                  |       0.350 |      -0.899 |                         |
| output[34]                                 | set_output_delay |        1.067 | rise | clk_v0_setuphold                  |       0.379 |      -0.899 |                         |
| output[34]                                 | set_output_delay |        1.062 | fall | clk_v0_setuphold                  |       0.348 |      -0.899 |                         |
| output[33]                                 | set_output_delay |        1.016 | rise | clk_v0_setuphold                  |       0.297 |      -0.899 |                         |
| output[33]                                 | set_output_delay |        1.095 | fall | clk_v0_setuphold                  |       0.362 |      -0.931 |                         |
| output[32]                                 | set_output_delay |        1.018 | rise | clk_v0_setuphold                  |       0.303 |      -0.899 |                         |
| output[32]                                 | set_output_delay |        1.093 | fall | clk_v0_setuphold                  |       0.362 |      -0.930 |                         |
| output[31]                                 | set_output_delay |        1.011 | rise | clk_v0_setuphold                  |       0.294 |      -0.899 |                         |
| output[31]                                 | set_output_delay |        1.091 | fall | clk_v0_setuphold                  |       0.358 |      -0.928 |                         |
| output[30]                                 | set_output_delay |        1.008 | rise | clk_v0_setuphold                  |       0.298 |      -0.899 |                         |
| output[30]                                 | set_output_delay |        1.086 | fall | clk_v0_setuphold                  |       0.359 |      -0.929 |                         |
| output[29]                                 | set_output_delay |        1.022 | rise | clk_v0_setuphold                  |       0.305 |      -0.899 |                         |
| output[29]                                 | set_output_delay |        1.098 | fall | clk_v0_setuphold                  |       0.365 |      -0.929 |                         |
| output[28]                                 | set_output_delay |        1.026 | rise | clk_v0_setuphold                  |       0.335 |      -0.899 |                         |
| output[28]                                 | set_output_delay |        1.113 | fall | clk_v0_setuphold                  |       0.386 |      -0.933 |                         |
| output[27]                                 | set_output_delay |        1.022 | rise | clk_v0_setuphold                  |       0.302 |      -0.898 |                         |
| output[27]                                 | set_output_delay |        1.106 | fall | clk_v0_setuphold                  |       0.372 |      -0.936 |                         |
| output[26]                                 | set_output_delay |        1.008 | rise | clk_v0_setuphold                  |       0.289 |      -0.899 |                         |
| output[26]                                 | set_output_delay |        1.094 | fall | clk_v0_setuphold                  |       0.361 |      -0.928 |                         |
| output[25]                                 | set_output_delay |        1.017 | rise | clk_v0_setuphold                  |       0.298 |      -0.899 |                         |
| output[25]                                 | set_output_delay |        1.099 | fall | clk_v0_setuphold                  |       0.364 |      -0.929 |                         |
| output[24]                                 | set_output_delay |        1.007 | rise | clk_v0_setuphold                  |       0.283 |      -0.899 |                         |
| output[24]                                 | set_output_delay |        1.090 | fall | clk_v0_setuphold                  |       0.352 |      -0.929 |                         |
| output[23]                                 | set_output_delay |        1.011 | rise | clk_v0_setuphold                  |       0.285 |      -0.899 |                         |
| output[23]                                 | set_output_delay |        1.090 | fall | clk_v0_setuphold                  |       0.352 |      -0.929 |                         |
| output[22]                                 | set_output_delay |        1.024 | rise | clk_v0_setuphold                  |       0.326 |      -0.899 |                         |
| output[22]                                 | set_output_delay |        1.103 | fall | clk_v0_setuphold                  |       0.383 |      -0.932 |                         |
| output[21]                                 | set_output_delay |        1.012 | rise | clk_v0_setuphold                  |       0.305 |      -0.899 |                         |
| output[21]                                 | set_output_delay |        1.094 | fall | clk_v0_setuphold                  |       0.368 |      -0.929 |                         |
| output[20]                                 | set_output_delay |        1.031 | rise | clk_v0_setuphold                  |       0.321 |      -0.899 |                         |
| output[20]                                 | set_output_delay |        1.113 | fall | clk_v0_setuphold                  |       0.386 |      -0.934 |                         |
| output[19]                                 | set_output_delay |        1.026 | rise | clk_v0_setuphold                  |       0.304 |      -0.895 |                         |
| output[19]                                 | set_output_delay |        1.111 | fall | clk_v0_setuphold                  |       0.376 |      -0.938 |                         |
| output[18]                                 | set_output_delay |        1.115 | rise | clk_v0_setuphold                  |       0.436 |      -0.896 |                         |
| output[18]                                 | set_output_delay |        1.106 | fall | clk_v0_setuphold                  |       0.411 |      -0.896 |                         |
| output[17]                                 | set_output_delay |        1.172 | rise | clk_v0_setuphold                  |       0.713 |      -0.896 |                         |
| output[17]                                 | set_output_delay |        1.109 | fall | clk_v0_setuphold                  |       0.395 |      -0.899 |                         |
| output[16]                                 | set_output_delay |        1.177 | rise | clk_v0_setuphold                  |       0.506 |      -0.899 |                         |
| output[16]                                 | set_output_delay |        1.152 | fall | clk_v0_setuphold                  |       0.450 |      -0.899 |                         |
| output[15]                                 | set_output_delay |        1.127 | rise | clk_v0_setuphold                  |       0.429 |      -0.896 |                         |
| output[15]                                 | set_output_delay |        1.083 | fall | clk_v0_setuphold                  |       0.376 |      -0.896 |                         |
| output[14]                                 | set_output_delay |        1.016 | rise | clk_v0_setuphold                  |       0.271 |      -0.899 |                         |
| output[14]                                 | set_output_delay |        1.099 | fall | clk_v0_setuphold                  |       0.348 |      -0.932 |                         |
| output[13]                                 | set_output_delay |        1.005 | rise | clk_v0_setuphold                  |       0.266 |      -0.899 |                         |
| output[13]                                 | set_output_delay |        1.093 | fall | clk_v0_setuphold                  |       0.346 |      -0.930 |                         |
| output[12]                                 | set_output_delay |        1.001 | rise | clk_v0_setuphold                  |       0.254 |      -0.899 |                         |
| output[12]                                 | set_output_delay |        1.086 | fall | clk_v0_setuphold                  |       0.334 |      -0.929 |                         |
| output[11]                                 | set_output_delay |        0.999 | rise | clk_v0_setuphold                  |       0.249 |      -0.899 |                         |
| output[11]                                 | set_output_delay |        1.084 | fall | clk_v0_setuphold                  |       0.330 |      -0.929 |                         |
| output[10]                                 | set_output_delay |        1.014 | rise | clk_v0_setuphold                  |       0.265 |      -0.899 |                         |
| output[10]                                 | set_output_delay |        1.097 | fall | clk_v0_setuphold                  |       0.343 |      -0.931 |                         |
| output[9]                                  | set_output_delay |        1.008 | rise | clk_v0_setuphold                  |       0.267 |      -0.899 |                         |
| output[9]                                  | set_output_delay |        1.092 | fall | clk_v0_setuphold                  |       0.344 |      -0.933 |                         |
| output[8]                                  | set_output_delay |        1.002 | rise | clk_v0_setuphold                  |       0.269 |      -0.899 |                         |
| output[8]                                  | set_output_delay |        1.086 | fall | clk_v0_setuphold                  |       0.343 |      -0.930 |                         |
| output[7]                                  | set_output_delay |        1.007 | rise | clk_v0_setuphold                  |       0.262 |      -0.899 |                         |
| output[7]                                  | set_output_delay |        1.093 | fall | clk_v0_setuphold                  |       0.342 |      -0.928 |                         |
| output[6]                                  | set_output_delay |        1.003 | rise | clk_v0_setuphold                  |       0.267 |      -0.899 |                         |
| output[6]                                  | set_output_delay |        1.089 | fall | clk_v0_setuphold                  |       0.343 |      -0.930 |                         |
| output[5]                                  | set_output_delay |        0.999 | rise | clk_v0_setuphold                  |       0.252 |      -0.899 |                         |
| output[5]                                  | set_output_delay |        1.082 | fall | clk_v0_setuphold                  |       0.329 |      -0.929 |                         |
| output[4]                                  | set_output_delay |        1.019 | rise | clk_v0_setuphold                  |       0.271 |      -0.899 |                         |
| output[4]                                  | set_output_delay |        1.102 | fall | clk_v0_setuphold                  |       0.349 |      -0.934 |                         |
| output[3]                                  | set_output_delay |        1.014 | rise | clk_v0_setuphold                  |       0.281 |      -0.899 |                         |
| output[3]                                  | set_output_delay |        1.098 | fall | clk_v0_setuphold                  |       0.355 |      -0.934 |                         |
| output[2]                                  | set_output_delay |        1.025 | rise | clk_v0_setuphold                  |       0.283 |      -0.896 |                         |
| output[2]                                  | set_output_delay |        1.112 | fall | clk_v0_setuphold                  |       0.363 |      -0.937 |                         |
| output[1]                                  | set_output_delay |        1.011 | rise | clk_v0_setuphold                  |       0.274 |      -0.899 |                         |
| output[1]                                  | set_output_delay |        1.092 | fall | clk_v0_setuphold                  |       0.346 |      -0.931 |                         |
| output[0]                                  | set_output_delay |        1.036 | rise | clk_v0_setuphold                  |       0.350 |      -0.899 |                         |
| output[0]                                  | set_output_delay |        1.114 | fall | clk_v0_setuphold                  |       0.390 |      -0.932 |                         |
|--------------------------------------------+------------------+--------------+------+-----------------------------------+-------------+-------------+-------------------------|
