+-------------------------------------------------------------------------------------------------------------------------------------------------------------------------------+
|                    Port                    |    Constraint    |    Budget    | Edge |               Clock               |    Slack    | Avail. Time |        Exception        |
|--------------------------------------------+------------------+--------------+------+-----------------------------------+-------------+-------------+-------------------------|
| input[79]                                  | set_input_delay  |        0.931 | rise | _INN_superClk                     |       0.136 |       0.000 |                         |
| input[79]                                  | set_input_delay  |        0.933 | fall | _INN_superClk                     |       0.146 |       0.000 |                         |
| input[79]                                  | set_input_delay  |        0.879 | rise | clk                               |      -0.146 |       0.000 |                         |
| input[79]                                  | set_input_delay  |        0.881 | fall | clk                               |      -0.136 |       0.000 |                         |
| input[78]                                  | set_input_delay  |        0.931 | rise | _INN_superClk                     |       0.215 |       0.000 |                         |
| input[78]                                  | set_input_delay  |        0.933 | fall | _INN_superClk                     |       0.214 |       0.000 |                         |
| input[78]                                  | set_input_delay  |        0.879 | rise | clk                               |      -0.075 |       0.000 |                         |
| input[78]                                  | set_input_delay  |        0.881 | fall | clk                               |      -0.196 |       0.000 |                         |
| input[77]                                  | set_input_delay  |        0.931 | rise | _INN_superClk                     |       0.122 |       0.000 |                         |
| input[77]                                  | set_input_delay  |        0.933 | fall | _INN_superClk                     |       0.135 |       0.000 |                         |
| input[77]                                  | set_input_delay  |        0.879 | rise | clk                               |      -0.159 |       0.000 |                         |
| input[77]                                  | set_input_delay  |        0.881 | fall | clk                               |      -0.146 |       0.000 |                         |
| input[76]                                  | set_input_delay  |        0.931 | rise | _INN_superClk                     |       0.250 |       0.000 |                         |
| input[76]                                  | set_input_delay  |        0.933 | fall | _INN_superClk                     |       0.262 |       0.000 |                         |
| input[76]                                  | set_input_delay  |        0.879 | rise | clk                               |      -0.031 |       0.000 |                         |
| input[76]                                  | set_input_delay  |        0.881 | fall | clk                               |      -0.020 |       0.000 |                         |
| input[75]                                  | set_input_delay  |        0.931 | rise | _INN_superClk                     |       0.181 |       0.000 |                         |
| input[75]                                  | set_input_delay  |        0.933 | fall | _INN_superClk                     |       0.187 |       0.000 |                         |
| input[75]                                  | set_input_delay  |        0.879 | rise | clk                               |      -0.101 |       0.000 |                         |
| input[75]                                  | set_input_delay  |        0.881 | fall | clk                               |      -0.094 |       0.000 |                         |
| input[74]                                  | set_input_delay  |        0.932 | rise | _INN_superClk                     |       0.209 |       0.000 |                         |
| input[74]                                  | set_input_delay  |        0.934 | fall | _INN_superClk                     |       0.210 |       0.000 |                         |
| input[74]                                  | set_input_delay  |        0.880 | rise | clk                               |      -0.072 |       0.000 |                         |
| input[74]                                  | set_input_delay  |        0.882 | fall | clk                               |      -0.071 |       0.000 |                         |
| input[73]                                  | set_input_delay  |        0.931 | rise | _INN_superClk                     |       0.194 |       0.000 |                         |
| input[73]                                  | set_input_delay  |        0.933 | fall | _INN_superClk                     |       0.199 |       0.000 |                         |
| input[73]                                  | set_input_delay  |        0.879 | rise | clk                               |      -0.087 |       0.000 |                         |
| input[73]                                  | set_input_delay  |        0.881 | fall | clk                               |      -0.082 |       0.000 |                         |
| input[72]                                  | set_input_delay  |        0.932 | rise | _INN_superClk                     |       0.196 |       0.000 |                         |
| input[72]                                  | set_input_delay  |        0.934 | fall | _INN_superClk                     |       0.202 |       0.000 |                         |
| input[72]                                  | set_input_delay  |        0.880 | rise | clk                               |      -0.085 |       0.000 |                         |
| input[72]                                  | set_input_delay  |        0.882 | fall | clk                               |      -0.080 |       0.000 |                         |
| input[71]                                  | set_input_delay  |        0.931 | rise | _INN_superClk                     |       0.170 |       0.000 |                         |
| input[71]                                  | set_input_delay  |        0.933 | fall | _INN_superClk                     |       0.192 |       0.000 |                         |
| input[71]                                  | set_input_delay  |        0.879 | rise | clk                               |      -0.111 |       0.000 |                         |
| input[71]                                  | set_input_delay  |        0.881 | fall | clk                               |      -0.089 |       0.000 |                         |
| input[70]                                  | set_input_delay  |        0.932 | rise | _INN_superClk                     |       0.091 |       0.000 |                         |
| input[70]                                  | set_input_delay  |        0.934 | fall | _INN_superClk                     |       0.115 |       0.000 |                         |
| input[70]                                  | set_input_delay  |        0.880 | rise | clk                               |      -0.190 |       0.000 |                         |
| input[70]                                  | set_input_delay  |        0.882 | fall | clk                               |      -0.166 |       0.000 |                         |
| input[69]                                  | set_input_delay  |        0.932 | rise | _INN_superClk                     |       0.096 |       0.000 |                         |
| input[69]                                  | set_input_delay  |        0.934 | fall | _INN_superClk                     |       0.121 |       0.000 |                         |
| input[69]                                  | set_input_delay  |        0.880 | rise | clk                               |      -0.185 |       0.000 |                         |
| input[69]                                  | set_input_delay  |        0.882 | fall | clk                               |      -0.160 |       0.000 |                         |
| input[68]                                  | set_input_delay  |        0.931 | rise | _INN_superClk                     |       0.193 |       0.000 |                         |
| input[68]                                  | set_input_delay  |        0.933 | fall | _INN_superClk                     |       0.197 |       0.000 |                         |
| input[68]                                  | set_input_delay  |        0.879 | rise | clk                               |      -0.088 |       0.000 |                         |
| input[68]                                  | set_input_delay  |        0.881 | fall | clk                               |      -0.085 |       0.000 |                         |
| input[67]                                  | set_input_delay  |        0.932 | rise | _INN_superClk                     |       0.110 |       0.000 |                         |
| input[67]                                  | set_input_delay  |        0.934 | fall | _INN_superClk                     |       0.119 |       0.000 |                         |
| input[67]                                  | set_input_delay  |        0.880 | rise | clk                               |      -0.171 |       0.000 |                         |
| input[67]                                  | set_input_delay  |        0.882 | fall | clk                               |      -0.162 |       0.000 |                         |
| input[66]                                  | set_input_delay  |        0.931 | rise | _INN_superClk                     |       0.112 |       0.000 |                         |
| input[66]                                  | set_input_delay  |        0.933 | fall | _INN_superClk                     |       0.125 |       0.000 |                         |
| input[66]                                  | set_input_delay  |        0.879 | rise | clk                               |      -0.169 |       0.000 |                         |
| input[66]                                  | set_input_delay  |        0.881 | fall | clk                               |      -0.156 |       0.000 |                         |
| input[65]                                  | set_input_delay  |        0.931 | rise | _INN_superClk                     |       0.092 |       0.000 |                         |
| input[65]                                  | set_input_delay  |        0.933 | fall | _INN_superClk                     |       0.104 |       0.000 |                         |
| input[65]                                  | set_input_delay  |        0.879 | rise | clk                               |      -0.189 |       0.000 |                         |
| input[65]                                  | set_input_delay  |        0.881 | fall | clk                               |      -0.177 |       0.000 |                         |
| input[64]                                  | set_input_delay  |        0.931 | rise | _INN_superClk                     |       0.108 |       0.000 |                         |
| input[64]                                  | set_input_delay  |        0.933 | fall | _INN_superClk                     |       0.118 |       0.000 |                         |
| input[64]                                  | set_input_delay  |        0.879 | rise | clk                               |      -0.174 |       0.000 |                         |
| input[64]                                  | set_input_delay  |        0.881 | fall | clk                               |      -0.163 |       0.000 |                         |
| input[63]                                  | set_input_delay  |        0.931 | rise | _INN_superClk                     |       0.092 |       0.000 |                         |
| input[63]                                  | set_input_delay  |        0.933 | fall | _INN_superClk                     |       0.106 |       0.000 |                         |
| input[63]                                  | set_input_delay  |        0.879 | rise | clk                               |      -0.190 |       0.000 |                         |
| input[63]                                  | set_input_delay  |        0.881 | fall | clk                               |      -0.175 |       0.000 |                         |
| input[62]                                  | set_input_delay  |        0.931 | rise | _INN_superClk                     |       0.203 |       0.000 |                         |
| input[62]                                  | set_input_delay  |        0.933 | fall | _INN_superClk                     |       0.230 |       0.000 |                         |
| input[62]                                  | set_input_delay  |        0.879 | rise | clk                               |      -0.078 |       0.000 |                         |
| input[62]                                  | set_input_delay  |        0.881 | fall | clk                               |      -0.051 |       0.000 |                         |
| input[61]                                  | set_input_delay  |        0.931 | rise | _INN_superClk                     |       0.178 |       0.000 |                         |
| input[61]                                  | set_input_delay  |        0.933 | fall | _INN_superClk                     |       0.207 |       0.000 |                         |
| input[61]                                  | set_input_delay  |        0.879 | rise | clk                               |      -0.103 |       0.000 |                         |
| input[61]                                  | set_input_delay  |        0.881 | fall | clk                               |      -0.075 |       0.000 |                         |
| input[60]                                  | set_input_delay  |        0.931 | rise | _INN_superClk                     |       0.121 |       0.000 |                         |
| input[60]                                  | set_input_delay  |        0.933 | fall | _INN_superClk                     |       0.130 |       0.000 |                         |
| input[60]                                  | set_input_delay  |        0.879 | rise | clk                               |      -0.161 |       0.000 |                         |
| input[60]                                  | set_input_delay  |        0.881 | fall | clk                               |      -0.151 |       0.000 |                         |
| input[59]                                  | set_input_delay  |        0.931 | rise | _INN_superClk                     |       0.272 |       0.000 |                         |
| input[59]                                  | set_input_delay  |        0.933 | fall | _INN_superClk                     |       0.283 |       0.000 |                         |
| input[59]                                  | set_input_delay  |        0.879 | rise | clk                               |      -0.009 |       0.000 |                         |
| input[59]                                  | set_input_delay  |        0.881 | fall | clk                               |       0.001 |       0.000 |                         |
| input[58]                                  | set_input_delay  |        0.931 | rise | _INN_superClk                     |       0.198 |       0.000 |                         |
| input[58]                                  | set_input_delay  |        0.933 | fall | _INN_superClk                     |       0.206 |       0.000 |                         |
| input[58]                                  | set_input_delay  |        0.879 | rise | clk                               |      -0.089 |       0.000 |                         |
| input[58]                                  | set_input_delay  |        0.881 | fall | clk                               |      -0.082 |       0.000 |                         |
| input[57]                                  | set_input_delay  |        0.931 | rise | _INN_superClk                     |       0.250 |       0.000 |                         |
| input[57]                                  | set_input_delay  |        0.933 | fall | _INN_superClk                     |       0.248 |       0.000 |                         |
| input[57]                                  | set_input_delay  |        0.879 | rise | clk                               |      -0.031 |       0.000 |                         |
| input[57]                                  | set_input_delay  |        0.881 | fall | clk                               |      -0.033 |       0.000 |                         |
| input[56]                                  | set_input_delay  |        0.931 | rise | _INN_superClk                     |       0.153 |       0.000 |                         |
| input[56]                                  | set_input_delay  |        0.933 | fall | _INN_superClk                     |       0.160 |       0.000 |                         |
| input[56]                                  | set_input_delay  |        0.879 | rise | clk                               |      -0.128 |       0.000 |                         |
| input[56]                                  | set_input_delay  |        0.881 | fall | clk                               |      -0.122 |       0.000 |                         |
| input[55]                                  | set_input_delay  |        0.931 | rise | _INN_superClk                     |       0.202 |       0.000 |                         |
| input[55]                                  | set_input_delay  |        0.933 | fall | _INN_superClk                     |       0.211 |       0.000 |                         |
| input[55]                                  | set_input_delay  |        0.879 | rise | clk                               |      -0.080 |       0.000 |                         |
| input[55]                                  | set_input_delay  |        0.881 | fall | clk                               |      -0.071 |       0.000 |                         |
| input[54]                                  | set_input_delay  |        0.931 | rise | _INN_superClk                     |       0.210 |       0.000 |                         |
| input[54]                                  | set_input_delay  |        0.933 | fall | _INN_superClk                     |       0.217 |       0.000 |                         |
| input[54]                                  | set_input_delay  |        0.879 | rise | clk                               |      -0.071 |       0.000 |                         |
| input[54]                                  | set_input_delay  |        0.881 | fall | clk                               |      -0.064 |       0.000 |                         |
| input[53]                                  | set_input_delay  |        0.931 | rise | _INN_superClk                     |       0.208 |       0.000 |                         |
| input[53]                                  | set_input_delay  |        0.933 | fall | _INN_superClk                     |       0.235 |       0.000 |                         |
| input[53]                                  | set_input_delay  |        0.879 | rise | clk                               |      -0.073 |       0.000 |                         |
| input[53]                                  | set_input_delay  |        0.881 | fall | clk                               |      -0.046 |       0.000 |                         |
| input[52]                                  | set_input_delay  |        0.931 | rise | _INN_superClk                     |       0.196 |       0.000 |                         |
| input[52]                                  | set_input_delay  |        0.933 | fall | _INN_superClk                     |       0.233 |       0.000 |                         |
| input[52]                                  | set_input_delay  |        0.879 | rise | clk                               |      -0.085 |       0.000 |                         |
| input[52]                                  | set_input_delay  |        0.881 | fall | clk                               |      -0.048 |       0.000 |                         |
| input[51]                                  | set_input_delay  |        0.931 | rise | _INN_superClk                     |       0.159 |       0.000 |                         |
| input[51]                                  | set_input_delay  |        0.933 | fall | _INN_superClk                     |       0.176 |       0.000 |                         |
| input[51]                                  | set_input_delay  |        0.879 | rise | clk                               |      -0.122 |       0.000 |                         |
| input[51]                                  | set_input_delay  |        0.881 | fall | clk                               |      -0.106 |       0.000 |                         |
| input[50]                                  | set_input_delay  |        0.931 | rise | _INN_superClk                     |       0.147 |       0.000 |                         |
| input[50]                                  | set_input_delay  |        0.933 | fall | _INN_superClk                     |       0.161 |       0.000 |                         |
| input[50]                                  | set_input_delay  |        0.879 | rise | clk                               |      -0.134 |       0.000 |                         |
| input[50]                                  | set_input_delay  |        0.881 | fall | clk                               |      -0.121 |       0.000 |                         |
| input[49]                                  | set_input_delay  |        0.931 | rise | _INN_superClk                     |       0.167 |       0.000 |                         |
| input[49]                                  | set_input_delay  |        0.933 | fall | _INN_superClk                     |       0.175 |       0.000 |                         |
| input[49]                                  | set_input_delay  |        0.879 | rise | clk                               |      -0.114 |       0.000 |                         |
| input[49]                                  | set_input_delay  |        0.881 | fall | clk                               |      -0.106 |       0.000 |                         |
| input[48]                                  | set_input_delay  |        0.931 | rise | _INN_superClk                     |       0.202 |       0.000 |                         |
| input[48]                                  | set_input_delay  |        0.933 | fall | _INN_superClk                     |       0.223 |       0.000 |                         |
| input[48]                                  | set_input_delay  |        0.879 | rise | clk                               |      -0.080 |       0.000 |                         |
| input[48]                                  | set_input_delay  |        0.881 | fall | clk                               |      -0.058 |       0.000 |                         |
| input[47]                                  | set_input_delay  |        0.931 | rise | _INN_superClk                     |       0.110 |       0.000 |                         |
| input[47]                                  | set_input_delay  |        0.933 | fall | _INN_superClk                     |       0.124 |       0.000 |                         |
| input[47]                                  | set_input_delay  |        0.879 | rise | clk                               |      -0.171 |       0.000 |                         |
| input[47]                                  | set_input_delay  |        0.881 | fall | clk                               |      -0.157 |       0.000 |                         |
| input[46]                                  | set_input_delay  |        0.931 | rise | _INN_superClk                     |       0.112 |       0.000 |                         |
| input[46]                                  | set_input_delay  |        0.933 | fall | _INN_superClk                     |       0.116 |       0.000 |                         |
| input[46]                                  | set_input_delay  |        0.879 | rise | clk                               |      -0.169 |       0.000 |                         |
| input[46]                                  | set_input_delay  |        0.881 | fall | clk                               |      -0.165 |       0.000 |                         |
| input[45]                                  | set_input_delay  |        0.931 | rise | _INN_superClk                     |       0.113 |       0.000 |                         |
| input[45]                                  | set_input_delay  |        0.933 | fall | _INN_superClk                     |       0.118 |       0.000 |                         |
| input[45]                                  | set_input_delay  |        0.879 | rise | clk                               |      -0.168 |       0.000 |                         |
| input[45]                                  | set_input_delay  |        0.881 | fall | clk                               |      -0.164 |       0.000 |                         |
| input[44]                                  | set_input_delay  |        0.931 | rise | _INN_superClk                     |       0.103 |       0.000 |                         |
| input[44]                                  | set_input_delay  |        0.933 | fall | _INN_superClk                     |       0.106 |       0.000 |                         |
| input[44]                                  | set_input_delay  |        0.879 | rise | clk                               |      -0.178 |       0.000 |                         |
| input[44]                                  | set_input_delay  |        0.881 | fall | clk                               |      -0.175 |       0.000 |                         |
| input[43]                                  | set_input_delay  |        0.931 | rise | _INN_superClk                     |       0.193 |       0.000 |                         |
| input[43]                                  | set_input_delay  |        0.933 | fall | _INN_superClk                     |       0.222 |       0.000 |                         |
| input[43]                                  | set_input_delay  |        0.879 | rise | clk                               |      -0.088 |       0.000 |                         |
| input[43]                                  | set_input_delay  |        0.881 | fall | clk                               |      -0.059 |       0.000 |                         |
| input[42]                                  | set_input_delay  |        0.931 | rise | _INN_superClk                     |       0.183 |       0.000 |                         |
| input[42]                                  | set_input_delay  |        0.933 | fall | _INN_superClk                     |       0.186 |       0.000 |                         |
| input[42]                                  | set_input_delay  |        0.879 | rise | clk                               |      -0.103 |       0.000 |                         |
| input[42]                                  | set_input_delay  |        0.881 | fall | clk                               |      -0.101 |       0.000 |                         |
| input[41]                                  | set_input_delay  |        0.931 | rise | _INN_superClk                     |       0.108 |       0.000 |                         |
| input[41]                                  | set_input_delay  |        0.933 | fall | _INN_superClk                     |       0.117 |       0.000 |                         |
| input[41]                                  | set_input_delay  |        0.879 | rise | clk                               |      -0.174 |       0.000 |                         |
| input[41]                                  | set_input_delay  |        0.881 | fall | clk                               |      -0.164 |       0.000 |                         |
| input[40]                                  | set_input_delay  |        0.932 | rise | _INN_superClk                     |       0.169 |       0.000 |                         |
| input[40]                                  | set_input_delay  |        0.934 | fall | _INN_superClk                     |       0.177 |       0.000 |                         |
| input[40]                                  | set_input_delay  |        0.880 | rise | clk                               |      -0.112 |       0.000 |                         |
| input[40]                                  | set_input_delay  |        0.882 | fall | clk                               |      -0.104 |       0.000 |                         |
| input[39]                                  | set_input_delay  |        0.931 | rise | _INN_superClk                     |       0.147 |       0.000 |                         |
| input[39]                                  | set_input_delay  |        0.933 | fall | _INN_superClk                     |       0.149 |       0.000 |                         |
| input[39]                                  | set_input_delay  |        0.879 | rise | clk                               |      -0.135 |       0.000 |                         |
| input[39]                                  | set_input_delay  |        0.881 | fall | clk                               |      -0.133 |       0.000 |                         |
| input[38]                                  | set_input_delay  |        0.931 | rise | _INN_superClk                     |       0.244 |       0.000 |                         |
| input[38]                                  | set_input_delay  |        0.933 | fall | _INN_superClk                     |       0.273 |       0.000 |                         |
| input[38]                                  | set_input_delay  |        0.879 | rise | clk                               |      -0.037 |       0.000 |                         |
| input[38]                                  | set_input_delay  |        0.881 | fall | clk                               |      -0.008 |       0.000 |                         |
| input[37]                                  | set_input_delay  |        0.931 | rise | _INN_superClk                     |       0.247 |       0.000 |                         |
| input[37]                                  | set_input_delay  |        0.933 | fall | _INN_superClk                     |       0.264 |       0.000 |                         |
| input[37]                                  | set_input_delay  |        0.879 | rise | clk                               |      -0.035 |       0.000 |                         |
| input[37]                                  | set_input_delay  |        0.881 | fall | clk                               |      -0.018 |       0.000 |                         |
| input[36]                                  | set_input_delay  |        0.931 | rise | _INN_superClk                     |       0.207 |       0.000 |                         |
| input[36]                                  | set_input_delay  |        0.933 | fall | _INN_superClk                     |       0.228 |       0.000 |                         |
| input[36]                                  | set_input_delay  |        0.879 | rise | clk                               |      -0.074 |       0.000 |                         |
| input[36]                                  | set_input_delay  |        0.881 | fall | clk                               |      -0.053 |       0.000 |                         |
| input[35]                                  | set_input_delay  |        0.931 | rise | _INN_superClk                     |       0.228 |       0.000 |                         |
| input[35]                                  | set_input_delay  |        0.933 | fall | _INN_superClk                     |       0.232 |       0.000 |                         |
| input[35]                                  | set_input_delay  |        0.879 | rise | clk                               |      -0.053 |       0.000 |                         |
| input[35]                                  | set_input_delay  |        0.881 | fall | clk                               |      -0.049 |       0.000 |                         |
| input[34]                                  | set_input_delay  |        0.931 | rise | _INN_superClk                     |       0.225 |       0.000 |                         |
| input[34]                                  | set_input_delay  |        0.933 | fall | _INN_superClk                     |       0.240 |       0.000 |                         |
| input[34]                                  | set_input_delay  |        0.879 | rise | clk                               |      -0.057 |       0.000 |                         |
| input[34]                                  | set_input_delay  |        0.881 | fall | clk                               |      -0.041 |       0.000 |                         |
| input[33]                                  | set_input_delay  |        0.931 | rise | _INN_superClk                     |       0.212 |       0.000 |                         |
| input[33]                                  | set_input_delay  |        0.933 | fall | _INN_superClk                     |       0.219 |       0.000 |                         |
| input[33]                                  | set_input_delay  |        0.879 | rise | clk                               |      -0.073 |       0.000 |                         |
| input[33]                                  | set_input_delay  |        0.881 | fall | clk                               |      -0.066 |       0.000 |                         |
| input[32]                                  | set_input_delay  |        0.931 | rise | _INN_superClk                     |       0.167 |       0.000 |                         |
| input[32]                                  | set_input_delay  |        0.933 | fall | _INN_superClk                     |       0.174 |       0.000 |                         |
| input[32]                                  | set_input_delay  |        0.879 | rise | clk                               |      -0.114 |       0.000 |                         |
| input[32]                                  | set_input_delay  |        0.881 | fall | clk                               |      -0.107 |       0.000 |                         |
| input[31]                                  | set_input_delay  |        0.931 | rise | _INN_superClk                     |       0.165 |       0.000 |                         |
| input[31]                                  | set_input_delay  |        0.933 | fall | _INN_superClk                     |       0.176 |       0.000 |                         |
| input[31]                                  | set_input_delay  |        0.879 | rise | clk                               |      -0.116 |       0.000 |                         |
| input[31]                                  | set_input_delay  |        0.881 | fall | clk                               |      -0.105 |       0.000 |                         |
| input[30]                                  | set_input_delay  |        0.931 | rise | _INN_superClk                     |       0.218 |       0.000 |                         |
| input[30]                                  | set_input_delay  |        0.933 | fall | _INN_superClk                     |       0.242 |       0.000 |                         |
| input[30]                                  | set_input_delay  |        0.879 | rise | clk                               |      -0.064 |       0.000 |                         |
| input[30]                                  | set_input_delay  |        0.881 | fall | clk                               |      -0.039 |       0.000 |                         |
| input[29]                                  | set_input_delay  |        0.931 | rise | _INN_superClk                     |       0.163 |       0.000 |                         |
| input[29]                                  | set_input_delay  |        0.933 | fall | _INN_superClk                     |       0.169 |       0.000 |                         |
| input[29]                                  | set_input_delay  |        0.879 | rise | clk                               |      -0.118 |       0.000 |                         |
| input[29]                                  | set_input_delay  |        0.881 | fall | clk                               |      -0.113 |       0.000 |                         |
| input[28]                                  | set_input_delay  |        0.932 | rise | _INN_superClk                     |       0.120 |       0.000 |                         |
| input[28]                                  | set_input_delay  |        0.934 | fall | _INN_superClk                     |       0.128 |       0.000 |                         |
| input[28]                                  | set_input_delay  |        0.880 | rise | clk                               |      -0.161 |       0.000 |                         |
| input[28]                                  | set_input_delay  |        0.882 | fall | clk                               |      -0.153 |       0.000 |                         |
| input[27]                                  | set_input_delay  |        0.931 | rise | _INN_superClk                     |       0.114 |       0.000 |                         |
| input[27]                                  | set_input_delay  |        0.933 | fall | _INN_superClk                     |       0.125 |       0.000 |                         |
| input[27]                                  | set_input_delay  |        0.879 | rise | clk                               |      -0.167 |       0.000 |                         |
| input[27]                                  | set_input_delay  |        0.881 | fall | clk                               |      -0.156 |       0.000 |                         |
| input[26]                                  | set_input_delay  |        0.931 | rise | _INN_superClk                     |       0.187 |       0.000 |                         |
| input[26]                                  | set_input_delay  |        0.933 | fall | _INN_superClk                     |       0.213 |       0.000 |                         |
| input[26]                                  | set_input_delay  |        0.879 | rise | clk                               |      -0.094 |       0.000 |                         |
| input[26]                                  | set_input_delay  |        0.881 | fall | clk                               |      -0.068 |       0.000 |                         |
| input[25]                                  | set_input_delay  |        0.931 | rise | _INN_superClk                     |       0.105 |       0.000 |                         |
| input[25]                                  | set_input_delay  |        0.933 | fall | _INN_superClk                     |       0.117 |       0.000 |                         |
| input[25]                                  | set_input_delay  |        0.879 | rise | clk                               |      -0.176 |       0.000 |                         |
| input[25]                                  | set_input_delay  |        0.881 | fall | clk                               |      -0.164 |       0.000 |                         |
| input[24]                                  | set_input_delay  |        0.931 | rise | _INN_superClk                     |       0.194 |       0.000 |                         |
| input[24]                                  | set_input_delay  |        0.933 | fall | _INN_superClk                     |       0.190 |       0.000 |                         |
| input[24]                                  | set_input_delay  |        0.879 | rise | clk                               |      -0.093 |       0.000 |                         |
| input[24]                                  | set_input_delay  |        0.881 | fall | clk                               |      -0.098 |       0.000 |                         |
| input[23]                                  | set_input_delay  |        0.932 | rise | _INN_superClk                     |       0.118 |       0.000 |                         |
| input[23]                                  | set_input_delay  |        0.934 | fall | _INN_superClk                     |       0.114 |       0.000 |                         |
| input[23]                                  | set_input_delay  |        0.880 | rise | clk                               |      -0.164 |       0.000 |                         |
| input[23]                                  | set_input_delay  |        0.882 | fall | clk                               |      -0.168 |       0.000 |                         |
| input[22]                                  | set_input_delay  |        0.931 | rise | _INN_superClk                     |       0.105 |       0.000 |                         |
| input[22]                                  | set_input_delay  |        0.933 | fall | _INN_superClk                     |       0.111 |       0.000 |                         |
| input[22]                                  | set_input_delay  |        0.879 | rise | clk                               |      -0.176 |       0.000 |                         |
| input[22]                                  | set_input_delay  |        0.881 | fall | clk                               |      -0.170 |       0.000 |                         |
| input[21]                                  | set_input_delay  |        0.931 | rise | _INN_superClk                     |       0.137 |       0.000 |                         |
| input[21]                                  | set_input_delay  |        0.933 | fall | _INN_superClk                     |       0.141 |       0.000 |                         |
| input[21]                                  | set_input_delay  |        0.879 | rise | clk                               |      -0.144 |       0.000 |                         |
| input[21]                                  | set_input_delay  |        0.881 | fall | clk                               |      -0.140 |       0.000 |                         |
| input[20]                                  | set_input_delay  |        0.931 | rise | _INN_superClk                     |       0.182 |       0.000 |                         |
| input[20]                                  | set_input_delay  |        0.933 | fall | _INN_superClk                     |       0.204 |       0.000 |                         |
| input[20]                                  | set_input_delay  |        0.879 | rise | clk                               |      -0.099 |       0.000 |                         |
| input[20]                                  | set_input_delay  |        0.881 | fall | clk                               |      -0.077 |       0.000 |                         |
| input[19]                                  | set_input_delay  |        0.931 | rise | _INN_superClk                     |       0.268 |       0.000 |                         |
| input[19]                                  | set_input_delay  |        0.933 | fall | _INN_superClk                     |       0.273 |       0.000 |                         |
| input[19]                                  | set_input_delay  |        0.879 | rise | clk                               |      -0.013 |       0.000 |                         |
| input[19]                                  | set_input_delay  |        0.881 | fall | clk                               |      -0.008 |       0.000 |                         |
| input[18]                                  | set_input_delay  |        0.931 | rise | _INN_superClk                     |       0.264 |       0.000 |                         |
| input[18]                                  | set_input_delay  |        0.933 | fall | _INN_superClk                     |       0.273 |       0.000 |                         |
| input[18]                                  | set_input_delay  |        0.879 | rise | clk                               |      -0.017 |       0.000 |                         |
| input[18]                                  | set_input_delay  |        0.881 | fall | clk                               |      -0.009 |       0.000 |                         |
| input[17]                                  | set_input_delay  |        0.931 | rise | _INN_superClk                     |       0.256 |       0.000 |                         |
| input[17]                                  | set_input_delay  |        0.933 | fall | _INN_superClk                     |       0.279 |       0.000 |                         |
| input[17]                                  | set_input_delay  |        0.879 | rise | clk                               |      -0.025 |       0.000 |                         |
| input[17]                                  | set_input_delay  |        0.881 | fall | clk                               |      -0.002 |       0.000 |                         |
| input[16]                                  | set_input_delay  |        0.932 | rise | _INN_superClk                     |       0.206 |       0.000 |                         |
| input[16]                                  | set_input_delay  |        0.934 | fall | _INN_superClk                     |       0.211 |       0.000 |                         |
| input[16]                                  | set_input_delay  |        0.880 | rise | clk                               |      -0.075 |       0.000 |                         |
| input[16]                                  | set_input_delay  |        0.882 | fall | clk                               |      -0.070 |       0.000 |                         |
| input[15]                                  | set_input_delay  |        0.932 | rise | _INN_superClk                     |       0.213 |       0.000 |                         |
| input[15]                                  | set_input_delay  |        0.934 | fall | _INN_superClk                     |       0.215 |       0.000 |                         |
| input[15]                                  | set_input_delay  |        0.880 | rise | clk                               |      -0.069 |       0.000 |                         |
| input[15]                                  | set_input_delay  |        0.882 | fall | clk                               |      -0.066 |       0.000 |                         |
| input[14]                                  | set_input_delay  |        0.931 | rise | _INN_superClk                     |       0.228 |       0.000 |                         |
| input[14]                                  | set_input_delay  |        0.933 | fall | _INN_superClk                     |       0.249 |       0.000 |                         |
| input[14]                                  | set_input_delay  |        0.879 | rise | clk                               |      -0.053 |       0.000 |                         |
| input[14]                                  | set_input_delay  |        0.881 | fall | clk                               |      -0.032 |       0.000 |                         |
| input[13]                                  | set_input_delay  |        0.931 | rise | _INN_superClk                     |       0.237 |       0.000 |                         |
| input[13]                                  | set_input_delay  |        0.933 | fall | _INN_superClk                     |       0.258 |       0.000 |                         |
| input[13]                                  | set_input_delay  |        0.879 | rise | clk                               |      -0.045 |       0.000 |                         |
| input[13]                                  | set_input_delay  |        0.881 | fall | clk                               |      -0.023 |       0.000 |                         |
| input[12]                                  | set_input_delay  |        0.931 | rise | _INN_superClk                     |       0.196 |       0.000 |                         |
| input[12]                                  | set_input_delay  |        0.933 | fall | _INN_superClk                     |       0.202 |       0.000 |                         |
| input[12]                                  | set_input_delay  |        0.879 | rise | clk                               |      -0.085 |       0.000 |                         |
| input[12]                                  | set_input_delay  |        0.881 | fall | clk                               |      -0.079 |       0.000 |                         |
| input[11]                                  | set_input_delay  |        0.933 | rise | _INN_superClk                     |       0.200 |       0.000 |                         |
| input[11]                                  | set_input_delay  |        0.934 | fall | _INN_superClk                     |       0.206 |       0.000 |                         |
| input[11]                                  | set_input_delay  |        0.881 | rise | clk                               |      -0.081 |       0.000 |                         |
| input[11]                                  | set_input_delay  |        0.882 | fall | clk                               |      -0.075 |       0.000 |                         |
| input[10]                                  | set_input_delay  |        0.931 | rise | _INN_superClk                     |       0.165 |       0.000 |                         |
| input[10]                                  | set_input_delay  |        0.933 | fall | _INN_superClk                     |       0.175 |       0.000 |                         |
| input[10]                                  | set_input_delay  |        0.879 | rise | clk                               |      -0.117 |       0.000 |                         |
| input[10]                                  | set_input_delay  |        0.881 | fall | clk                               |      -0.107 |       0.000 |                         |
| input[9]                                   | set_input_delay  |        0.931 | rise | _INN_superClk                     |       0.200 |       0.000 |                         |
| input[9]                                   | set_input_delay  |        0.933 | fall | _INN_superClk                     |       0.199 |       0.000 |                         |
| input[9]                                   | set_input_delay  |        0.879 | rise | clk                               |      -0.092 |       0.000 |                         |
| input[9]                                   | set_input_delay  |        0.881 | fall | clk                               |      -0.093 |       0.000 |                         |
| input[8]                                   | set_input_delay  |        0.931 | rise | _INN_superClk                     |       0.092 |       0.000 |                         |
| input[8]                                   | set_input_delay  |        0.933 | fall | _INN_superClk                     |       0.102 |       0.000 |                         |
| input[8]                                   | set_input_delay  |        0.879 | rise | clk                               |      -0.190 |       0.000 |                         |
| input[8]                                   | set_input_delay  |        0.881 | fall | clk                               |      -0.179 |       0.000 |                         |
| input[7]                                   | set_input_delay  |        0.932 | rise | _INN_superClk                     |       0.210 |       0.000 |                         |
| input[7]                                   | set_input_delay  |        0.934 | fall | _INN_superClk                     |       0.229 |       0.000 |                         |
| input[7]                                   | set_input_delay  |        0.880 | rise | clk                               |      -0.071 |       0.000 |                         |
| input[7]                                   | set_input_delay  |        0.882 | fall | clk                               |      -0.052 |       0.000 |                         |
| input[6]                                   | set_input_delay  |        0.931 | rise | _INN_superClk                     |       0.101 |       0.000 |                         |
| input[6]                                   | set_input_delay  |        0.933 | fall | _INN_superClk                     |       0.110 |       0.000 |                         |
| input[6]                                   | set_input_delay  |        0.879 | rise | clk                               |      -0.181 |       0.000 |                         |
| input[6]                                   | set_input_delay  |        0.881 | fall | clk                               |      -0.171 |       0.000 |                         |
| input[5]                                   | set_input_delay  |        0.931 | rise | _INN_superClk                     |       0.112 |       0.000 |                         |
| input[5]                                   | set_input_delay  |        0.933 | fall | _INN_superClk                     |       0.121 |       0.000 |                         |
| input[5]                                   | set_input_delay  |        0.879 | rise | clk                               |      -0.170 |       0.000 |                         |
| input[5]                                   | set_input_delay  |        0.881 | fall | clk                               |      -0.161 |       0.000 |                         |
| input[4]                                   | set_input_delay  |        0.931 | rise | _INN_superClk                     |       0.115 |       0.000 |                         |
| input[4]                                   | set_input_delay  |        0.933 | fall | _INN_superClk                     |       0.127 |       0.000 |                         |
| input[4]                                   | set_input_delay  |        0.879 | rise | clk                               |      -0.167 |       0.000 |                         |
| input[4]                                   | set_input_delay  |        0.881 | fall | clk                               |      -0.154 |       0.000 |                         |
| input[3]                                   | set_input_delay  |        0.931 | rise | _INN_superClk                     |       0.110 |       0.000 |                         |
| input[3]                                   | set_input_delay  |        0.933 | fall | _INN_superClk                     |       0.117 |       0.000 |                         |
| input[3]                                   | set_input_delay  |        0.879 | rise | clk                               |      -0.172 |       0.000 |                         |
| input[3]                                   | set_input_delay  |        0.881 | fall | clk                               |      -0.164 |       0.000 |                         |
| input[2]                                   | set_input_delay  |        0.932 | rise | _INN_superClk                     |       0.120 |       0.000 |                         |
| input[2]                                   | set_input_delay  |        0.934 | fall | _INN_superClk                     |       0.126 |       0.000 |                         |
| input[2]                                   | set_input_delay  |        0.880 | rise | clk                               |      -0.162 |       0.000 |                         |
| input[2]                                   | set_input_delay  |        0.882 | fall | clk                               |      -0.155 |       0.000 |                         |
| input[1]                                   | set_input_delay  |        0.931 | rise | _INN_superClk                     |       0.188 |       0.000 |                         |
| input[1]                                   | set_input_delay  |        0.933 | fall | _INN_superClk                     |       0.210 |       0.000 |                         |
| input[1]                                   | set_input_delay  |        0.879 | rise | clk                               |      -0.093 |       0.000 |                         |
| input[1]                                   | set_input_delay  |        0.881 | fall | clk                               |      -0.071 |       0.000 |                         |
| input[0]                                   | set_input_delay  |        0.931 | rise | _INN_superClk                     |       0.152 |       0.000 |                         |
| input[0]                                   | set_input_delay  |        0.933 | fall | _INN_superClk                     |       0.162 |       0.000 |                         |
| input[0]                                   | set_input_delay  |        0.879 | rise | clk                               |      -0.129 |       0.000 |                         |
| input[0]                                   | set_input_delay  |        0.881 | fall | clk                               |      -0.119 |       0.000 |                         |
| enable                                     | set_input_delay  |        0.382 | rise | clk                               |       0.115 |       0.800 |                         |
| enable                                     | set_input_delay  |        0.379 | fall | clk                               |       0.157 |       0.800 |                         |
| reset                                      | set_input_delay  |        0.293 | fall | _INN_superClk                     |       0.515 |       0.760 |                         |
| output[79]                                 | set_output_delay |        0.885 | rise | clk                               |       0.079 |       0.000 |                         |
| output[79]                                 | set_output_delay |        0.885 | fall | clk                               |       0.093 |       0.000 |                         |
| output[78]                                 | set_output_delay |        0.885 | rise | clk                               |       0.136 |       0.000 |                         |
| output[78]                                 | set_output_delay |        0.885 | fall | clk                               |       0.150 |       0.000 |                         |
| output[77]                                 | set_output_delay |        0.885 | rise | clk                               |       0.083 |       0.000 |                         |
| output[77]                                 | set_output_delay |        0.885 | fall | clk                               |       0.102 |       0.000 |                         |
| output[76]                                 | set_output_delay |        0.885 | rise | clk                               |       0.006 |       0.000 |                         |
| output[76]                                 | set_output_delay |        0.885 | fall | clk                               |       0.058 |       0.000 |                         |
| output[75]                                 | set_output_delay |        0.885 | rise | clk                               |      -0.254 |       0.000 |                         |
| output[75]                                 | set_output_delay |        0.885 | fall | clk                               |      -0.241 |       0.000 |                         |
| output[74]                                 | set_output_delay |        0.885 | rise | clk                               |      -0.261 |       0.000 |                         |
| output[74]                                 | set_output_delay |        0.885 | fall | clk                               |      -0.241 |       0.000 |                         |
| output[73]                                 | set_output_delay |        0.885 | rise | clk                               |      -0.250 |       0.000 |                         |
| output[73]                                 | set_output_delay |        0.885 | fall | clk                               |      -0.232 |       0.000 |                         |
| output[72]                                 | set_output_delay |        0.885 | rise | clk                               |      -0.282 |       0.000 |                         |
| output[72]                                 | set_output_delay |        0.885 | fall | clk                               |      -0.264 |       0.000 |                         |
| output[71]                                 | set_output_delay |        0.885 | rise | clk                               |      -0.210 |       0.000 |                         |
| output[71]                                 | set_output_delay |        0.885 | fall | clk                               |       0.068 |       0.000 |                         |
| output[70]                                 | set_output_delay |        0.885 | rise | clk                               |      -0.182 |       0.000 |                         |
| output[70]                                 | set_output_delay |        0.885 | fall | clk                               |       0.107 |       0.000 |                         |
| output[69]                                 | set_output_delay |        0.885 | rise | clk                               |      -0.203 |       0.000 |                         |
| output[69]                                 | set_output_delay |        0.885 | fall | clk                               |       0.076 |       0.000 |                         |
| output[68]                                 | set_output_delay |        0.885 | rise | clk                               |       0.026 |       0.000 |                         |
| output[68]                                 | set_output_delay |        0.885 | fall | clk                               |       0.034 |       0.000 |                         |
| output[67]                                 | set_output_delay |        0.885 | rise | clk                               |       0.033 |       0.000 |                         |
| output[67]                                 | set_output_delay |        0.885 | fall | clk                               |       0.052 |       0.000 |                         |
| output[66]                                 | set_output_delay |        0.885 | rise | clk                               |       0.090 |       0.000 |                         |
| output[66]                                 | set_output_delay |        0.885 | fall | clk                               |       0.108 |       0.000 |                         |
| output[65]                                 | set_output_delay |        0.885 | rise | clk                               |       0.065 |       0.000 |                         |
| output[65]                                 | set_output_delay |        0.885 | fall | clk                               |       0.083 |       0.000 |                         |
| output[64]                                 | set_output_delay |        0.885 | rise | clk                               |       0.042 |       0.000 |                         |
| output[64]                                 | set_output_delay |        0.885 | fall | clk                               |       0.060 |       0.000 |                         |
| output[63]                                 | set_output_delay |        0.885 | rise | clk                               |       0.097 |       0.000 |                         |
| output[63]                                 | set_output_delay |        0.885 | fall | clk                               |       0.117 |       0.000 |                         |
| output[62]                                 | set_output_delay |        0.885 | rise | clk                               |       0.103 |       0.000 |                         |
| output[62]                                 | set_output_delay |        0.885 | fall | clk                               |       0.118 |       0.000 |                         |
| output[61]                                 | set_output_delay |        0.885 | rise | clk                               |       0.097 |       0.000 |                         |
| output[61]                                 | set_output_delay |        0.885 | fall | clk                               |       0.114 |       0.000 |                         |
| output[60]                                 | set_output_delay |        0.885 | rise | clk                               |       0.063 |       0.000 |                         |
| output[60]                                 | set_output_delay |        0.885 | fall | clk                               |       0.079 |       0.000 |                         |
| output[59]                                 | set_output_delay |        0.885 | rise | clk                               |       0.072 |       0.000 |                         |
| output[59]                                 | set_output_delay |        0.885 | fall | clk                               |       0.087 |       0.000 |                         |
| output[58]                                 | set_output_delay |        0.885 | rise | clk                               |       0.095 |       0.000 |                         |
| output[58]                                 | set_output_delay |        0.885 | fall | clk                               |       0.111 |       0.000 |                         |
| output[57]                                 | set_output_delay |        0.885 | rise | clk                               |       0.085 |       0.000 |                         |
| output[57]                                 | set_output_delay |        0.885 | fall | clk                               |       0.104 |       0.000 |                         |
| output[56]                                 | set_output_delay |        0.885 | rise | clk                               |       0.028 |       0.000 |                         |
| output[56]                                 | set_output_delay |        0.885 | fall | clk                               |       0.053 |       0.000 |                         |
| output[55]                                 | set_output_delay |        0.885 | rise | clk                               |       0.077 |       0.000 |                         |
| output[55]                                 | set_output_delay |        0.885 | fall | clk                               |       0.093 |       0.000 |                         |
| output[54]                                 | set_output_delay |        0.885 | rise | clk                               |       0.077 |       0.000 |                         |
| output[54]                                 | set_output_delay |        0.885 | fall | clk                               |       0.120 |       0.000 |                         |
| output[53]                                 | set_output_delay |        0.885 | rise | clk                               |       0.076 |       0.000 |                         |
| output[53]                                 | set_output_delay |        0.885 | fall | clk                               |       0.091 |       0.000 |                         |
| output[52]                                 | set_output_delay |        0.885 | rise | clk                               |       0.053 |       0.000 |                         |
| output[52]                                 | set_output_delay |        0.885 | fall | clk                               |       0.068 |       0.000 |                         |
| output[51]                                 | set_output_delay |        0.885 | rise | clk                               |       0.077 |       0.000 |                         |
| output[51]                                 | set_output_delay |        0.885 | fall | clk                               |       0.095 |       0.000 |                         |
| output[50]                                 | set_output_delay |        0.885 | rise | clk                               |       0.100 |       0.000 |                         |
| output[50]                                 | set_output_delay |        0.885 | fall | clk                               |       0.116 |       0.000 |                         |
| output[49]                                 | set_output_delay |        0.885 | rise | clk                               |      -0.014 |       0.000 |                         |
| output[49]                                 | set_output_delay |        0.885 | fall | clk                               |       0.062 |       0.000 |                         |
| output[48]                                 | set_output_delay |        0.885 | rise | clk                               |       0.033 |       0.000 |                         |
| output[48]                                 | set_output_delay |        0.885 | fall | clk                               |       0.053 |       0.000 |                         |
| output[47]                                 | set_output_delay |        0.885 | rise | clk                               |       0.029 |       0.000 |                         |
| output[47]                                 | set_output_delay |        0.885 | fall | clk                               |       0.049 |       0.000 |                         |
| output[46]                                 | set_output_delay |        0.885 | rise | clk                               |       0.098 |       0.000 |                         |
| output[46]                                 | set_output_delay |        0.885 | fall | clk                               |       0.116 |       0.000 |                         |
| output[45]                                 | set_output_delay |        0.885 | rise | clk                               |       0.058 |       0.000 |                         |
| output[45]                                 | set_output_delay |        0.885 | fall | clk                               |       0.074 |       0.000 |                         |
| output[44]                                 | set_output_delay |        0.885 | rise | clk                               |      -0.046 |       0.000 |                         |
| output[44]                                 | set_output_delay |        0.885 | fall | clk                               |       0.010 |       0.000 |                         |
| output[43]                                 | set_output_delay |        0.885 | rise | clk                               |       0.045 |       0.000 |                         |
| output[43]                                 | set_output_delay |        0.885 | fall | clk                               |       0.089 |       0.000 |                         |
| output[42]                                 | set_output_delay |        0.885 | rise | clk                               |       0.079 |       0.000 |                         |
| output[42]                                 | set_output_delay |        0.885 | fall | clk                               |       0.098 |       0.000 |                         |
| output[41]                                 | set_output_delay |        0.885 | rise | clk                               |       0.015 |       0.000 |                         |
| output[41]                                 | set_output_delay |        0.885 | fall | clk                               |       0.037 |       0.000 |                         |
| output[40]                                 | set_output_delay |        0.885 | rise | clk                               |       0.050 |       0.000 |                         |
| output[40]                                 | set_output_delay |        0.885 | fall | clk                               |       0.063 |       0.000 |                         |
| output[39]                                 | set_output_delay |        0.885 | rise | clk                               |       0.047 |       0.000 |                         |
| output[39]                                 | set_output_delay |        0.885 | fall | clk                               |       0.066 |       0.000 |                         |
| output[38]                                 | set_output_delay |        0.885 | rise | clk                               |      -0.163 |       0.000 |                         |
| output[38]                                 | set_output_delay |        0.885 | fall | clk                               |       0.110 |       0.000 |                         |
| output[37]                                 | set_output_delay |        0.885 | rise | clk                               |       0.085 |       0.000 |                         |
| output[37]                                 | set_output_delay |        0.885 | fall | clk                               |       0.108 |       0.000 |                         |
| output[36]                                 | set_output_delay |        0.885 | rise | clk                               |       0.096 |       0.000 |                         |
| output[36]                                 | set_output_delay |        0.885 | fall | clk                               |       0.073 |       0.000 |                         |
| output[35]                                 | set_output_delay |        0.885 | rise | clk                               |       0.027 |       0.000 |                         |
| output[35]                                 | set_output_delay |        0.885 | fall | clk                               |       0.052 |       0.000 |                         |
| output[34]                                 | set_output_delay |        0.885 | rise | clk                               |       0.089 |       0.000 |                         |
| output[34]                                 | set_output_delay |        0.885 | fall | clk                               |       0.117 |       0.000 |                         |
| output[33]                                 | set_output_delay |        0.885 | rise | clk                               |       0.083 |       0.000 |                         |
| output[33]                                 | set_output_delay |        0.885 | fall | clk                               |       0.099 |       0.000 |                         |
| output[32]                                 | set_output_delay |        0.885 | rise | clk                               |       0.052 |       0.000 |                         |
| output[32]                                 | set_output_delay |        0.885 | fall | clk                               |       0.070 |       0.000 |                         |
| output[31]                                 | set_output_delay |        0.885 | rise | clk                               |       0.080 |       0.000 |                         |
| output[31]                                 | set_output_delay |        0.885 | fall | clk                               |       0.098 |       0.000 |                         |
| output[30]                                 | set_output_delay |        0.885 | rise | clk                               |       0.108 |       0.000 |                         |
| output[30]                                 | set_output_delay |        0.885 | fall | clk                               |       0.128 |       0.000 |                         |
| output[29]                                 | set_output_delay |        0.885 | rise | clk                               |       0.069 |       0.000 |                         |
| output[29]                                 | set_output_delay |        0.885 | fall | clk                               |       0.087 |       0.000 |                         |
| output[28]                                 | set_output_delay |        0.885 | rise | clk                               |       0.026 |       0.000 |                         |
| output[28]                                 | set_output_delay |        0.885 | fall | clk                               |       0.067 |       0.000 |                         |
| output[27]                                 | set_output_delay |        0.885 | rise | clk                               |       0.031 |       0.000 |                         |
| output[27]                                 | set_output_delay |        0.885 | fall | clk                               |       0.048 |       0.000 |                         |
| output[26]                                 | set_output_delay |        0.885 | rise | clk                               |       0.117 |       0.000 |                         |
| output[26]                                 | set_output_delay |        0.885 | fall | clk                               |       0.135 |       0.000 |                         |
| output[25]                                 | set_output_delay |        0.885 | rise | clk                               |       0.093 |       0.000 |                         |
| output[25]                                 | set_output_delay |        0.885 | fall | clk                               |       0.110 |       0.000 |                         |
| output[24]                                 | set_output_delay |        0.885 | rise | clk                               |       0.063 |       0.000 |                         |
| output[24]                                 | set_output_delay |        0.885 | fall | clk                               |       0.078 |       0.000 |                         |
| output[23]                                 | set_output_delay |        0.885 | rise | clk                               |       0.107 |       0.000 |                         |
| output[23]                                 | set_output_delay |        0.885 | fall | clk                               |       0.121 |       0.000 |                         |
| output[22]                                 | set_output_delay |        0.885 | rise | clk                               |       0.085 |       0.000 |                         |
| output[22]                                 | set_output_delay |        0.885 | fall | clk                               |       0.109 |       0.000 |                         |
| output[21]                                 | set_output_delay |        0.885 | rise | clk                               |       0.071 |       0.000 |                         |
| output[21]                                 | set_output_delay |        0.885 | fall | clk                               |       0.092 |       0.000 |                         |
| output[20]                                 | set_output_delay |        0.885 | rise | clk                               |       0.058 |       0.000 |                         |
| output[20]                                 | set_output_delay |        0.885 | fall | clk                               |       0.078 |       0.000 |                         |
| output[19]                                 | set_output_delay |        0.885 | rise | clk                               |       0.050 |       0.000 |                         |
| output[19]                                 | set_output_delay |        0.885 | fall | clk                               |       0.066 |       0.000 |                         |
| output[18]                                 | set_output_delay |        0.885 | rise | clk                               |       0.043 |       0.000 |                         |
| output[18]                                 | set_output_delay |        0.885 | fall | clk                               |       0.062 |       0.000 |                         |
| output[17]                                 | set_output_delay |        0.885 | rise | clk                               |      -0.213 |       0.000 |                         |
| output[17]                                 | set_output_delay |        0.885 | fall | clk                               |       0.062 |       0.000 |                         |
| output[16]                                 | set_output_delay |        0.885 | rise | clk                               |      -0.044 |       0.000 |                         |
| output[16]                                 | set_output_delay |        0.885 | fall | clk                               |      -0.007 |       0.000 |                         |
| output[15]                                 | set_output_delay |        0.885 | rise | clk                               |       0.119 |       0.000 |                         |
| output[15]                                 | set_output_delay |        0.885 | fall | clk                               |       0.126 |       0.000 |                         |
| output[14]                                 | set_output_delay |        0.885 | rise | clk                               |       0.471 |       0.000 |                         |
| output[14]                                 | set_output_delay |        0.885 | fall | clk                               |       0.474 |       0.000 |                         |
| output[13]                                 | set_output_delay |        0.885 | rise | clk                               |       0.476 |       0.000 |                         |
| output[13]                                 | set_output_delay |        0.885 | fall | clk                               |       0.476 |       0.000 |                         |
| output[12]                                 | set_output_delay |        0.885 | rise | clk                               |       0.488 |       0.000 |                         |
| output[12]                                 | set_output_delay |        0.885 | fall | clk                               |       0.488 |       0.000 |                         |
| output[11]                                 | set_output_delay |        0.885 | rise | clk                               |       0.494 |       0.000 |                         |
| output[11]                                 | set_output_delay |        0.885 | fall | clk                               |       0.492 |       0.000 |                         |
| output[10]                                 | set_output_delay |        0.885 | rise | clk                               |       0.462 |       0.000 |                         |
| output[10]                                 | set_output_delay |        0.885 | fall | clk                               |       0.478 |       0.000 |                         |
| output[9]                                  | set_output_delay |        0.885 | rise | clk                               |       0.461 |       0.000 |                         |
| output[9]                                  | set_output_delay |        0.885 | fall | clk                               |       0.477 |       0.000 |                         |
| output[8]                                  | set_output_delay |        0.885 | rise | clk                               |       0.459 |       0.000 |                         |
| output[8]                                  | set_output_delay |        0.885 | fall | clk                               |       0.478 |       0.000 |                         |
| output[7]                                  | set_output_delay |        0.885 | rise | clk                               |       0.480 |       0.000 |                         |
| output[7]                                  | set_output_delay |        0.885 | fall | clk                               |       0.479 |       0.000 |                         |
| output[6]                                  | set_output_delay |        0.885 | rise | clk                               |       0.475 |       0.000 |                         |
| output[6]                                  | set_output_delay |        0.885 | fall | clk                               |       0.478 |       0.000 |                         |
| output[5]                                  | set_output_delay |        0.885 | rise | clk                               |       0.490 |       0.000 |                         |
| output[5]                                  | set_output_delay |        0.885 | fall | clk                               |       0.493 |       0.000 |                         |
| output[4]                                  | set_output_delay |        0.885 | rise | clk                               |       0.471 |       0.000 |                         |
| output[4]                                  | set_output_delay |        0.885 | fall | clk                               |       0.472 |       0.000 |                         |
| output[3]                                  | set_output_delay |        0.885 | rise | clk                               |       0.460 |       0.000 |                         |
| output[3]                                  | set_output_delay |        0.885 | fall | clk                               |       0.466 |       0.000 |                         |
| output[2]                                  | set_output_delay |        0.885 | rise | clk                               |       0.451 |       0.000 |                         |
| output[2]                                  | set_output_delay |        0.885 | fall | clk                               |       0.458 |       0.000 |                         |
| output[1]                                  | set_output_delay |        0.885 | rise | clk                               |       0.466 |       0.000 |                         |
| output[1]                                  | set_output_delay |        0.885 | fall | clk                               |       0.475 |       0.000 |                         |
| output[0]                                  | set_output_delay |        0.885 | rise | clk                               |       0.390 |       0.000 |                         |
| output[0]                                  | set_output_delay |        0.885 | fall | clk                               |       0.431 |       0.000 |                         |
|--------------------------------------------+------------------+--------------+------+-----------------------------------+-------------+-------------+-------------------------|
